Component: ARM Compiler 5.06 update 6 (build 750) Tool: armlink [4d35ed]

==============================================================================

Section Cross References

    startup_stm32f10x_hd.o(RESET) refers to startup_stm32f10x_hd.o(STACK) for __initial_sp
    startup_stm32f10x_hd.o(RESET) refers to startup_stm32f10x_hd.o(.text) for Reset_Handler
    startup_stm32f10x_hd.o(RESET) refers to stm32f10x_it.o(i.NMI_Handler) for NMI_Handler
    startup_stm32f10x_hd.o(RESET) refers to stm32f10x_it.o(i.HardFault_Handler) for HardFault_Handler
    startup_stm32f10x_hd.o(RESET) refers to stm32f10x_it.o(i.MemManage_Handler) for MemManage_Handler
    startup_stm32f10x_hd.o(RESET) refers to stm32f10x_it.o(i.BusFault_Handler) for BusFault_Handler
    startup_stm32f10x_hd.o(RESET) refers to stm32f10x_it.o(i.UsageFault_Handler) for UsageFault_Handler
    startup_stm32f10x_hd.o(RESET) refers to stm32f10x_it.o(i.SVC_Handler) for SVC_Handler
    startup_stm32f10x_hd.o(RESET) refers to stm32f10x_it.o(i.DebugMon_Handler) for DebugMon_Handler
    startup_stm32f10x_hd.o(RESET) refers to stm32f10x_it.o(i.PendSV_Handler) for PendSV_Handler
    startup_stm32f10x_hd.o(RESET) refers to stm32f10x_it.o(i.SysTick_Handler) for SysTick_Handler
    startup_stm32f10x_hd.o(RESET) refers to bsp_led.o(i.EXTI0_IRQHandler) for EXTI0_IRQHandler
    startup_stm32f10x_hd.o(RESET) refers to stm32f10x_it.o(i.USART1_IRQHandler) for USART1_IRQHandler
    startup_stm32f10x_hd.o(.text) refers to system_stm32f10x.o(i.SystemInit) for SystemInit
    startup_stm32f10x_hd.o(.text) refers to entry.o(.ARM.Collect$$$$00000000) for __main
    system_stm32f10x.o(i.SetSysClock) refers to system_stm32f10x.o(i.SetSysClockTo72) for SetSysClockTo72
    system_stm32f10x.o(i.SystemCoreClockUpdate) refers to system_stm32f10x.o(.data) for SystemCoreClock
    system_stm32f10x.o(i.SystemInit) refers to system_stm32f10x.o(i.SetSysClock) for SetSysClock
    stm32f10x_adc.o(i.ADC_DeInit) refers to stm32f10x_rcc.o(i.RCC_APB2PeriphResetCmd) for RCC_APB2PeriphResetCmd
    stm32f10x_bkp.o(i.BKP_DeInit) refers to stm32f10x_rcc.o(i.RCC_BackupResetCmd) for RCC_BackupResetCmd
    stm32f10x_can.o(i.CAN_DeInit) refers to stm32f10x_rcc.o(i.RCC_APB1PeriphResetCmd) for RCC_APB1PeriphResetCmd
    stm32f10x_can.o(i.CAN_GetITStatus) refers to stm32f10x_can.o(i.CheckITStatus) for CheckITStatus
    stm32f10x_cec.o(i.CEC_DeInit) refers to stm32f10x_rcc.o(i.RCC_APB1PeriphResetCmd) for RCC_APB1PeriphResetCmd
    stm32f10x_dac.o(i.DAC_DeInit) refers to stm32f10x_rcc.o(i.RCC_APB1PeriphResetCmd) for RCC_APB1PeriphResetCmd
    stm32f10x_flash.o(i.FLASH_EnableWriteProtection) refers to stm32f10x_flash.o(i.FLASH_WaitForLastOperation) for FLASH_WaitForLastOperation
    stm32f10x_flash.o(i.FLASH_EraseAllBank1Pages) refers to stm32f10x_flash.o(i.FLASH_WaitForLastBank1Operation) for FLASH_WaitForLastBank1Operation
    stm32f10x_flash.o(i.FLASH_EraseAllPages) refers to stm32f10x_flash.o(i.FLASH_WaitForLastOperation) for FLASH_WaitForLastOperation
    stm32f10x_flash.o(i.FLASH_EraseOptionBytes) refers to stm32f10x_flash.o(i.FLASH_GetReadOutProtectionStatus) for FLASH_GetReadOutProtectionStatus
    stm32f10x_flash.o(i.FLASH_EraseOptionBytes) refers to stm32f10x_flash.o(i.FLASH_WaitForLastOperation) for FLASH_WaitForLastOperation
    stm32f10x_flash.o(i.FLASH_ErasePage) refers to stm32f10x_flash.o(i.FLASH_WaitForLastOperation) for FLASH_WaitForLastOperation
    stm32f10x_flash.o(i.FLASH_ProgramHalfWord) refers to stm32f10x_flash.o(i.FLASH_WaitForLastOperation) for FLASH_WaitForLastOperation
    stm32f10x_flash.o(i.FLASH_ProgramOptionByteData) refers to stm32f10x_flash.o(i.FLASH_WaitForLastOperation) for FLASH_WaitForLastOperation
    stm32f10x_flash.o(i.FLASH_ProgramWord) refers to stm32f10x_flash.o(i.FLASH_WaitForLastOperation) for FLASH_WaitForLastOperation
    stm32f10x_flash.o(i.FLASH_ReadOutProtection) refers to stm32f10x_flash.o(i.FLASH_WaitForLastOperation) for FLASH_WaitForLastOperation
    stm32f10x_flash.o(i.FLASH_UserOptionByteConfig) refers to stm32f10x_flash.o(i.FLASH_WaitForLastOperation) for FLASH_WaitForLastOperation
    stm32f10x_flash.o(i.FLASH_WaitForLastBank1Operation) refers to stm32f10x_flash.o(i.FLASH_GetBank1Status) for FLASH_GetBank1Status
    stm32f10x_flash.o(i.FLASH_WaitForLastOperation) refers to stm32f10x_flash.o(i.FLASH_GetBank1Status) for FLASH_GetBank1Status
    stm32f10x_gpio.o(i.GPIO_AFIODeInit) refers to stm32f10x_rcc.o(i.RCC_APB2PeriphResetCmd) for RCC_APB2PeriphResetCmd
    stm32f10x_gpio.o(i.GPIO_DeInit) refers to stm32f10x_rcc.o(i.RCC_APB2PeriphResetCmd) for RCC_APB2PeriphResetCmd
    stm32f10x_i2c.o(i.I2C_DeInit) refers to stm32f10x_rcc.o(i.RCC_APB1PeriphResetCmd) for RCC_APB1PeriphResetCmd
    stm32f10x_i2c.o(i.I2C_Init) refers to stm32f10x_rcc.o(i.RCC_GetClocksFreq) for RCC_GetClocksFreq
    stm32f10x_pwr.o(i.PWR_DeInit) refers to stm32f10x_rcc.o(i.RCC_APB1PeriphResetCmd) for RCC_APB1PeriphResetCmd
[...]
    i.Delay                                  0x08000b7a   Section        0  concrol.o(i.Delay)
    i.Draw_Clear_Button                      0x08000b8c   Section        0  palette.o(i.Draw_Clear_Button)
    Draw_Clear_Button                        0x08000b8d   Thumb Code   262  palette.o(i.Draw_Clear_Button)
    i.Draw_Num_Button                        0x08000ca0   Section        0  palette.o(i.Draw_Num_Button)
    Draw_Num_Button                          0x08000ca1   Thumb Code  1132  palette.o(i.Draw_Num_Button)
    i.Draw_Shape_Button                      0x0800110c   Section        0  palette.o(i.Draw_Shape_Button)
    Draw_Shape_Button                        0x0800110d   Thumb Code  1078  palette.o(i.Draw_Shape_Button)
    i.Draw_Trail                             0x08001550   Section        0  palette.o(i.Draw_Trail)
    i.EXTI0_IRQHandler                       0x08001700   Section        0  bsp_led.o(i.EXTI0_IRQHandler)
    i.EXTIX_Init                             0x08001714   Section        0  bsp_led.o(i.EXTIX_Init)
    i.EXTI_ClearITPendingBit                 0x08001770   Section        0  stm32f10x_exti.o(i.EXTI_ClearITPendingBit)
    i.EXTI_Init                              0x0800177c   Section        0  stm32f10x_exti.o(i.EXTI_Init)
    i.FSMC_NORSRAMCmd                        0x08001810   Section        0  stm32f10x_fsmc.o(i.FSMC_NORSRAMCmd)
    i.FSMC_NORSRAMInit                       0x08001844   Section        0  stm32f10x_fsmc.o(i.FSMC_NORSRAMInit)
    i.GPIO_CONFIG                            0x0800192c   Section        0  concrol.o(i.GPIO_CONFIG)
    i.GPIO_EXTILineConfig                    0x08001958   Section        0  stm32f10x_gpio.o(i.GPIO_EXTILineConfig)
    i.GPIO_Init                              0x08001998   Section        0  stm32f10x_gpio.o(i.GPIO_Init)
    i.GPIO_ReadInputDataBit                  0x08001aae   Section        0  stm32f10x_gpio.o(i.GPIO_ReadInputDataBit)
    i.GPIO_ResetBits                         0x08001ac0   Section        0  stm32f10x_gpio.o(i.GPIO_ResetBits)
    i.GPIO_SetBits                           0x08001ac4   Section        0  stm32f10x_gpio.o(i.GPIO_SetBits)
    i.GetGBKCode_from_EXFlash                0x08001ac8   Section        0  fonts.o(i.GetGBKCode_from_EXFlash)
    i.HardFault_Handler                      0x08001b1c   Section        0  stm32f10x_it.o(i.HardFault_Handler)
    i.ILI9341_BackLed_Control                0x08001b20   Section        0  bsp_ili9341_lcd.o(i.ILI9341_BackLed_Control)
    i.ILI9341_Clear                          0x08001b44   Section        0  bsp_ili9341_lcd.o(i.ILI9341_Clear)
    i.ILI9341_Delay                          0x08001b70   Section        0  bsp_ili9341_lcd.o(i.ILI9341_Delay)
    ILI9341_Delay                            0x08001b71   Thumb Code    18  bsp_ili9341_lcd.o(i.ILI9341_Delay)
    i.ILI9341_DispChar_CH                    0x08001b84   Section        0  bsp_ili9341_lcd.o(i.ILI9341_DispChar_CH)
    i.ILI9341_DispChar_EN                    0x08001c08   Section        0  bsp_ili9341_lcd.o(i.ILI9341_DispChar_EN)
    i.ILI9341_DispStringLine_EN              0x08001ca0   Section        0  bsp_ili9341_lcd.o(i.ILI9341_DispStringLine_EN)
    i.ILI9341_DispString_EN_CH               0x08001d08   Section        0  bsp_ili9341_lcd.o(i.ILI9341_DispString_EN_CH)
    i.ILI9341_DisplayStringEx                0x08001dbc   Section        0  bsp_ili9341_lcd.o(i.ILI9341_DisplayStringEx)
    i.ILI9341_DrawChar_Ex                    0x08001ec4   Section        0  bsp_ili9341_lcd.o(i.ILI9341_DrawChar_Ex)
    i.ILI9341_DrawCircle                     0x08001f28   Section        0  bsp_ili9341_lcd.o(i.ILI9341_DrawCircle)
    i.ILI9341_DrawCross                      0x08002060   Section        0  bsp_xpt2046_lcd.o(i.ILI9341_DrawCross)
    ILI9341_DrawCross                        0x08002061   Thumb Code    44  bsp_xpt2046_lcd.o(i.ILI9341_DrawCross)
    i.ILI9341_DrawLine                       0x0800208c   Section        0  bsp_ili9341_lcd.o(i.ILI9341_DrawLine)
    i.ILI9341_DrawRectangle                  0x0800212c   Section        0  bsp_ili9341_lcd.o(i.ILI9341_DrawRectangle)
    i.ILI9341_FSMC_Config                    0x080021b4   Section        0  bsp_ili9341_lcd.o(i.ILI9341_FSMC_Config)
    ILI9341_FSMC_Config                      0x080021b5   Thumb Code    94  bsp_ili9341_lcd.o(i.ILI9341_FSMC_Config)
    i.ILI9341_FillColor                      0x08002212   Section        0  bsp_ili9341_lcd.o(i.ILI9341_FillColor)
    ILI9341_FillColor                        0x08002213   Thumb Code    32  bsp_ili9341_lcd.o(i.ILI9341_FillColor)
    i.ILI9341_GPIO_Config                    0x08002234   Section        0  bsp_ili9341_lcd.o(i.ILI9341_GPIO_Config)
    ILI9341_GPIO_Config                      0x08002235   Thumb Code   398  bsp_ili9341_lcd.o(i.ILI9341_GPIO_Config)
    i.ILI9341_GramScan                       0x080023cc   Section        0  bsp_ili9341_lcd.o(i.ILI9341_GramScan)
    i.ILI9341_Init                           0x08002484   Section        0  bsp_ili9341_lcd.o(i.ILI9341_Init)
    i.ILI9341_OpenWindow                     0x080024ac   Section        0  bsp_ili9341_lcd.o(i.ILI9341_OpenWindow)
    i.ILI9341_REG_Config                     0x0800250c   Section        0  bsp_ili9341_lcd.o(i.ILI9341_REG_Config)
    ILI9341_REG_Config                       0x0800250d   Thumb Code   556  bsp_ili9341_lcd.o(i.ILI9341_REG_Config)
    i.ILI9341_Rst                            0x0800273c   Section        0  bsp_ili9341_lcd.o(i.ILI9341_Rst)
    i.ILI9341_SetCursor                      0x08002764   Section        0  bsp_ili9341_lcd.o(i.ILI9341_SetCursor)
    ILI9341_SetCursor                        0x08002765   Thumb Code    20  bsp_ili9341_lcd.o(i.ILI9341_SetCursor)
    i.ILI9341_SetPointPixel                  0x08002778   Section        0  bsp_ili9341_lcd.o(i.ILI9341_SetPointPixel)
    i.ILI9341_Write_Cmd                      0x080027b0   Section        0  bsp_ili9341_lcd.o(i.ILI9341_Write_Cmd)
    i.ILI9341_Write_Data                     0x080027b8   Section        0  bsp_ili9341_lcd.o(i.ILI9341_Write_Data)
    i.ILI9341_zoomChar                       0x080027c4   Section        0  bsp_ili9341_lcd.o(i.ILI9341_zoomChar)
    i.KEY_Init                               0x08002948   Section        0  bsp_led.o(i.KEY_Init)
    i.LCD_DrawUniLineCircle                  0x0800296c   Section        0  palette.o(i.LCD_DrawUniLineCircle)
    LCD_DrawUniLineCircle                    0x0800296d   Thumb Code   346  palette.o(i.LCD_DrawUniLineCircle)
    i.LCD_GetFont                            0x08002ad0   Section        0  bsp_ili9341_lcd.o(i.LCD_GetFont)
    i.LCD_SetBackColor                       0x08002adc   Section        0  bsp_ili9341_lcd.o(i.LCD_SetBackColor)
    i.LCD_SetColors                          0x08002ae8   Section        0  bsp_ili9341_lcd.o(i.LCD_SetColors)
    i.LCD_SetFont                            0x08002afc   Section        0  bsp_ili9341_lcd.o(i.LCD_SetFont)
    i.LCD_SetTextColor                       0x08002b08   Section        0  bsp_ili9341_lcd.o(i.LCD_SetTextColor)
    i.LED_GPIO_Config                        0x08002b14   Section        0  bsp_led.o(i.LED_GPIO_Config)
    i.Led_Blink_Quick                        0x08002b40   Section        0  bsp_led.o(i.Led_Blink_Quick)
    i.Led_Blink_Slow                         0x08002b68   Section        0  bsp_led.o(i.Led_Blink_Slow)
    i.MemManage_Handler                      0x08002b90   Section        0  stm32f10x_it.o(i.MemManage_Handler)
    i.NMI_Handler                            0x08002b94   Section        0  stm32f10x_it.o(i.NMI_Handler)
    i.NVIC_Configuration                     0x08002b96   Section        0  bsp_usart.o(i.NVIC_Configuration)
    NVIC_Configuration                       0x08002b97   Thumb Code    38  bsp_usart.o(i.NVIC_Configuration)
    i.NVIC_Init                              0x08002bbc   Section        0  misc.o(i.NVIC_Init)
    i.NVIC_PriorityGroupConfig               0x08002c2c   Section        0  misc.o(i.NVIC_PriorityGroupConfig)
    i.Palette_Init                           0x08002c40   Section        0  palette.o(i.Palette_Init)
    i.PendSV_Handler                         0x08002ca8   Section        0  stm32f10x_it.o(i.PendSV_Handler)
    i.RCC_AHBPeriphClockCmd                  0x08002cac   Section        0  stm32f10x_rcc.o(i.RCC_AHBPeriphClockCmd)
    i.RCC_APB2PeriphClockCmd                 0x08002ccc   Section        0  stm32f10x_rcc.o(i.RCC_APB2PeriphClockCmd)
    i.RCC_GetClocksFreq                      0x08002cec   Section        0  stm32f10x_rcc.o(i.RCC_GetClocksFreq)
    i.SPI_Cmd                                0x08002dc0   Section        0  stm32f10x_spi.o(i.SPI_Cmd)
    i.SPI_FLASH_BufferRead                   0x08002dd8   Section        0  bsp_spi_flash.o(i.SPI_FLASH_BufferRead)
    i.SPI_FLASH_BufferWrite                  0x08002e28   Section        0  bsp_spi_flash.o(i.SPI_FLASH_BufferWrite)
    i.SPI_FLASH_Init                         0x08002f4c   Section        0  bsp_spi_flash.o(i.SPI_FLASH_Init)
    i.SPI_FLASH_PageWrite                    0x0800300c   Section        0  bsp_spi_flash.o(i.SPI_FLASH_PageWrite)
    i.SPI_FLASH_SectorErase                  0x080030a8   Section        0  bsp_spi_flash.o(i.SPI_FLASH_SectorErase)
    i.SPI_FLASH_SendByte                     0x080030ec   Section        0  bsp_spi_flash.o(i.SPI_FLASH_SendByte)
    i.SPI_FLASH_WaitForWriteEnd              0x08003164   Section        0  bsp_spi_flash.o(i.SPI_FLASH_WaitForWriteEnd)
    i.SPI_FLASH_WriteEnable                  0x08003198   Section        0  bsp_spi_flash.o(i.SPI_FLASH_WriteEnable)
    i.SPI_I2S_GetFlagStatus                  0x080031b8   Section        0  stm32f10x_spi.o(i.SPI_I2S_GetFlagStatus)
    i.SPI_I2S_ReceiveData                    0x080031ca   Section        0  stm32f10x_spi.o(i.SPI_I2S_ReceiveData)
    i.SPI_I2S_SendData                       0x080031d0   Section        0  stm32f10x_spi.o(i.SPI_I2S_SendData)
    i.SPI_Init                               0x080031d4   Section        0  stm32f10x_spi.o(i.SPI_Init)
    i.SPI_TIMEOUT_UserCallback               0x08003210   Section        0  bsp_spi_flash.o(i.SPI_TIMEOUT_UserCallback)
    SPI_TIMEOUT_UserCallback                 0x08003211   Thumb Code    16  bsp_spi_flash.o(i.SPI_TIMEOUT_UserCallback)
    i.SVC_Handler                            0x08003250   Section        0  stm32f10x_it.o(i.SVC_Handler)
    i.SetSysClock                            0x08003252   Section        0  system_stm32f10x.o(i.SetSysClock)
    SetSysClock                              0x08003253   Thumb Code     8  system_stm32f10x.o(i.SetSysClock)
    i.SetSysClockTo72                        0x0800325c   Section        0  system_stm32f10x.o(i.SetSysClockTo72)
    SetSysClockTo72                          0x0800325d   Thumb Code   214  system_stm32f10x.o(i.SetSysClockTo72)
    i.SysTick_CLKSourceConfig                0x0800333c   Section        0  misc.o(i.SysTick_CLKSourceConfig)
    i.SysTick_Handler                        0x08003364   Section        0  stm32f10x_it.o(i.SysTick_Handler)
    i.SystemInit                             0x08003368   Section        0  system_stm32f10x.o(i.SystemInit)
    i.Touch_Button_Down                      0x080033c8   Section        0  palette.o(i.Touch_Button_Down)
    i.Touch_Button_Init                      0x08003480   Section        0  palette.o(i.Touch_Button_Init)
    i.Touch_Button_Up                        0x080037b8   Section        0  palette.o(i.Touch_Button_Up)
    i.USART1_IRQHandler                      0x08003848   Section        0  stm32f10x_it.o(i.USART1_IRQHandler)
    i.USART_ClearFlag                        0x08003874   Section        0  stm32f10x_usart.o(i.USART_ClearFlag)
    i.USART_Cmd                              0x08003886   Section        0  stm32f10x_usart.o(i.USART_Cmd)
    i.USART_Config                           0x080038a0   Section        0  bsp_usart.o(i.USART_Config)
    i.USART_GetFlagStatus                    0x08003930   Section        0  stm32f10x_usart.o(i.USART_GetFlagStatus)
    i.USART_GetITStatus                      0x0800394a   Section        0  stm32f10x_usart.o(i.USART_GetITStatus)
    i.USART_ITConfig                         0x0800399e   Section        0  stm32f10x_usart.o(i.USART_ITConfig)
    i.USART_Init                             0x080039e8   Section        0  stm32f10x_usart.o(i.USART_Init)
    i.USART_ReceiveData                      0x08003ac0   Section        0  stm32f10x_usart.o(i.USART_ReceiveData)
    i.USART_SendData                         0x08003aca   Section        0  stm32f10x_usart.o(i.USART_SendData)
    i.UsageFault_Handler                     0x08003ad2   Section        0  stm32f10x_it.o(i.UsageFault_Handler)
    i.Usart_SendByte                         0x08003ad6   Section        0  bsp_usart.o(i.Usart_SendByte)
    i.XPT2046_Calculate_CalibrationFactor    0x08003af4   Section        0  bsp_xpt2046_lcd.o(i.XPT2046_Calculate_CalibrationFactor)
    XPT2046_Calculate_CalibrationFactor      0x08003af5   Thumb Code   478  bsp_xpt2046_lcd.o(i.XPT2046_Calculate_CalibrationFactor)
    i.XPT2046_DelayUS                        0x08003cd2   Section        0  bsp_xpt2046_lcd.o(i.XPT2046_DelayUS)
    XPT2046_DelayUS                          0x08003cd3   Thumb Code    30  bsp_xpt2046_lcd.o(i.XPT2046_DelayUS)
    i.XPT2046_Get_TouchedPoint               0x08003cf0   Section        0  bsp_xpt2046_lcd.o(i.XPT2046_Get_TouchedPoint)
    i.XPT2046_Init                           0x08003ddc   Section        0  bsp_xpt2046_lcd.o(i.XPT2046_Init)
    i.XPT2046_ReadAdc                        0x08003e6c   Section        0  bsp_xpt2046_lcd.o(i.XPT2046_ReadAdc)
    XPT2046_ReadAdc                          0x08003e6d   Thumb Code    16  bsp_xpt2046_lcd.o(i.XPT2046_ReadAdc)
    i.XPT2046_ReadAdc_Smooth_XY              0x08003e7c   Section        0  bsp_xpt2046_lcd.o(i.XPT2046_ReadAdc_Smooth_XY)
    XPT2046_ReadAdc_Smooth_XY                0x08003e7d   Thumb Code   336  bsp_xpt2046_lcd.o(i.XPT2046_ReadAdc_Smooth_XY)
    i.XPT2046_ReadAdc_XY                     0x08003fd4   Section        0  bsp_xpt2046_lcd.o(i.XPT2046_ReadAdc_XY)
    XPT2046_ReadAdc_XY                       0x08003fd5   Thumb Code    38  bsp_xpt2046_lcd.o(i.XPT2046_ReadAdc_XY)
    i.XPT2046_ReadCMD                        0x08003ffc   Section        0  bsp_xpt2046_lcd.o(i.XPT2046_ReadCMD)
    XPT2046_ReadCMD                          0x08003ffd   Thumb Code    74  bsp_xpt2046_lcd.o(i.XPT2046_ReadCMD)
    i.XPT2046_TouchDetect                    0x0800404c   Section        0  bsp_xpt2046_lcd.o(i.XPT2046_TouchDetect)
    i.XPT2046_TouchDown                      0x080040fc   Section        0  bsp_xpt2046_lcd.o(i.XPT2046_TouchDown)
    i.XPT2046_TouchEvenHandler               0x08004140   Section        0  bsp_xpt2046_lcd.o(i.XPT2046_TouchEvenHandler)
    i.XPT2046_TouchUp                        0x0800418c   Section        0  bsp_xpt2046_lcd.o(i.XPT2046_TouchUp)
    i.XPT2046_Touch_Calibrate                0x080041b4   Section        0  bsp_xpt2046_lcd.o(i.XPT2046_Touch_Calibrate)
    i.XPT2046_WriteCMD                       0x080046a8   Section        0  bsp_xpt2046_lcd.o(i.XPT2046_WriteCMD)
    XPT2046_WriteCMD                         0x080046a9   Thumb Code    94  bsp_xpt2046_lcd.o(i.XPT2046_WriteCMD)
    i.__0printf$6                            0x0800470c   Section        0  printf6.o(i.__0printf$6)
    i.__0sprintf$6                           0x0800472c   Section        0  printf6.o(i.__0sprintf$6)
    i.__scatterload_copy                     0x08004754   Section       14  handlers.o(i.__scatterload_copy)
    i.__scatterload_null                     0x08004762   Section        2  handlers.o(i.__scatterload_null)
    i.__scatterload_zeroinit                 0x08004764   Section       14  handlers.o(i.__scatterload_zeroinit)
    i._printf_core                           0x08004774   Section        0  printf6.o(i._printf_core)
    _printf_core                             0x08004775   Thumb Code   748  printf6.o(i._printf_core)
    i._printf_post_padding                   0x08004a64   Section        0  printf6.o(i._printf_post_padding)
    _printf_post_padding                     0x08004a65   Thumb Code    36  printf6.o(i._printf_post_padding)
    i._printf_pre_padding                    0x08004a88   Section        0  printf6.o(i._printf_pre_padding)
    _printf_pre_padding                      0x08004a89   Thumb Code    46  printf6.o(i._printf_pre_padding)
    i._sputc                                 0x08004ab6   Section        0  printf6.o(i._sputc)
    _sputc                                   0x08004ab7   Thumb Code    10  printf6.o(i._sputc)
    i.all_data_update                        0x08004ac0   Section        0  protocol.o(i.all_data_update)
    i.byte_to_int                            0x08004b34   Section        0  mcu_api.o(i.byte_to_int)
    i.data_handle                            0x08004b50   Section        0  system.o(i.data_handle)
    i.data_point_handle                      0x08004c58   Section        0  system.o(i.data_point_handle)
    data_point_handle                        0x08004c59   Thumb Code    70  system.o(i.data_point_handle)
    i.delay_init                             0x08004ca4   Section        0  delay.o(i.delay_init)
    i.delay_ms                               0x08004ce8   Section        0  delay.o(i.delay_ms)
    i.delay_us                               0x08004d34   Section        0  delay.o(i.delay_us)
    i.dp_download_export_calibrate_handle    0x08004d80   Section        0  protocol.o(i.dp_download_export_calibrate_handle)
    dp_download_export_calibrate_handle      0x08004d81   Thumb Code    40  protocol.o(i.dp_download_export_calibrate_handle)
    i.dp_download_handle                     0x08004da8   Section        0  protocol.o(i.dp_download_handle)
    i.dp_download_light_handle               0x08004e24   Section        0  protocol.o(i.dp_download_light_handle)
    dp_download_light_handle                 0x08004e25   Thumb Code   138  protocol.o(i.dp_download_light_handle)
    i.dp_download_manual_feed_handle         0x08004ed4   Section        0  protocol.o(i.dp_download_manual_feed_handle)
    dp_download_manual_feed_handle           0x08004ed5   Thumb Code    52  protocol.o(i.dp_download_manual_feed_handle)
    i.dp_download_meal_plan_handle           0x08004f0c   Section        0  protocol.o(i.dp_download_meal_plan_handle)
    dp_download_meal_plan_handle             0x08004f0d   Thumb Code    28  protocol.o(i.dp_download_meal_plan_handle)
    i.dp_download_switch_handle              0x08004f28   Section        0  protocol.o(i.dp_download_switch_handle)
    dp_download_switch_handle                0x08004f29   Thumb Code    40  protocol.o(i.dp_download_switch_handle)
    i.dp_download_weight_calibrate_handle    0x08004f50   Section        0  protocol.o(i.dp_download_weight_calibrate_handle)
    dp_download_weight_calibrate_handle      0x08004f51   Thumb Code    40  protocol.o(i.dp_download_weight_calibrate_handle)
    i.fputc                                  0x08004f78   Section        0  bsp_usart.o(i.fputc)
    i.get_check_sum                          0x08004f9c   Section        0  system.o(i.get_check_sum)
    i.get_dowmload_dpid_index                0x08004fb8   Section        0  system.o(i.get_dowmload_dpid_index)
    get_dowmload_dpid_index                  0x08004fb9   Thumb Code    40  system.o(i.get_dowmload_dpid_index)
    i.get_download_cmd_total                 0x08004fe4   Section        0  protocol.o(i.get_download_cmd_total)
    i.get_mcu_wifi_mode                      0x08004fe8   Section        0  system.o(i.get_mcu_wifi_mode)
    get_mcu_wifi_mode                        0x08004fe9   Thumb Code    16  system.o(i.get_mcu_wifi_mode)
    i.get_wifi_status                        0x08004ff8   Section        0  protocol.o(i.get_wifi_status)
    i.heat_beat_check                        0x0800507c   Section        0  system.o(i.heat_beat_check)
    heat_beat_check                          0x0800507d   Thumb Code    50  system.o(i.heat_beat_check)
    i.main                                   0x080050b4   Section        0  main.o(i.main)
    i.mcu_dp_bool_update                     0x08005224   Section        0  mcu_api.o(i.mcu_dp_bool_update)
    i.mcu_dp_raw_update                      0x08005288   Section        0  mcu_api.o(i.mcu_dp_raw_update)
    i.mcu_dp_value_update                    0x080052fc   Section        0  mcu_api.o(i.mcu_dp_value_update)
    i.mcu_get_dp_download_bool               0x08005374   Section        0  mcu_api.o(i.mcu_get_dp_download_bool)
    i.mcu_get_dp_download_value              0x0800537a   Section        0  mcu_api.o(i.mcu_get_dp_download_value)
    i.mcu_get_wifi_work_state                0x08005388   Section        0  mcu_api.o(i.mcu_get_wifi_work_state)
    i.mcu_reset_wifi                         0x08005394   Section        0  mcu_api.o(i.mcu_reset_wifi)
    i.mcu_set_wifi_mode                      0x080053ac   Section        0  mcu_api.o(i.mcu_set_wifi_mode)
    i.motor_concrol_right                    0x080053d4   Section        0  concrol.o(i.motor_concrol_right)
    i.my_memcpy                              0x08005468   Section        0  mcu_api.o(i.my_memcpy)
    i.my_strlen                              0x080054ac   Section        0  mcu_api.o(i.my_strlen)
    i.product_info_update                    0x080054c8   Section        0  system.o(i.product_info_update)
    product_info_update                      0x080054c9   Thumb Code   224  system.o(i.product_info_update)
    i.set_wifi_uart_buffer                   0x080055f8   Section        0  system.o(i.set_wifi_uart_buffer)
    i.set_wifi_uart_byte                     0x08005620   Section        0  system.o(i.set_wifi_uart_byte)
    i.take_byte_rxbuff                       0x08005630   Section        0  system.o(i.take_byte_rxbuff)
    i.uart_receive_input                     0x0800566c   Section        0  mcu_api.o(i.uart_receive_input)
    i.uart_transmit_output                   0x080056c4   Section        0  protocol.o(i.uart_transmit_output)
    i.wifi_protocol_init                     0x080056d8   Section        0  mcu_api.o(i.wifi_protocol_init)
    i.wifi_test_result                       0x08005704   Section        0  protocol.o(i.wifi_test_result)
    i.wifi_uart_service                      0x0800570c   Section        0  mcu_api.o(i.wifi_uart_service)
    i.wifi_uart_write_data                   0x08005804   Section        0  system.o(i.wifi_uart_write_data)
    wifi_uart_write_data                     0x08005805   Thumb Code    36  system.o(i.wifi_uart_write_data)
    i.wifi_uart_write_frame                  0x08005828   Section        0  system.o(i.wifi_uart_write_frame)
    i.with_data_rxbuff                       0x08005870   Section        0  system.o(i.with_data_rxbuff)
    .constdata                               0x0800588c   Section    15200  fonts.o(.constdata)
    .constdata                               0x080093ec   Section       26  protocol.o(.constdata)
    .data                                    0x20000000   Section       20  system_stm32f10x.o(.data)
    .data                                    0x20000014   Section       20  stm32f10x_rcc.o(.data)
    APBAHBPrescTable                         0x20000014   Data          16  stm32f10x_rcc.o(.data)
    ADCPrescTable                            0x20000024   Data           4  stm32f10x_rcc.o(.data)
    .data                                    0x20000028   Section        3  main.o(.data)
    .data                                    0x2000002c   Section        4  bsp_spi_flash.o(.data)
    SPITimeout                               0x2000002c   Data           4  bsp_spi_flash.o(.data)
    .data                                    0x20000030   Section       16  bsp_ili9341_lcd.o(.data)
    LCD_Currentfonts                         0x20000038   Data           4  bsp_ili9341_lcd.o(.data)
    CurrentTextColor                         0x2000003c   Data           2  bsp_ili9341_lcd.o(.data)
    CurrentBackColor                         0x2000003e   Data           2  bsp_ili9341_lcd.o(.data)
    .data                                    0x20000040   Section      208  bsp_xpt2046_lcd.o(.data)
    touch_state                              0x20000101   Data           1  bsp_xpt2046_lcd.o(.data)
    i                                        0x20000104   Data           4  bsp_xpt2046_lcd.o(.data)
    cinfo                                    0x20000108   Data           8  bsp_xpt2046_lcd.o(.data)
    .data                                    0x20000110   Section       25  fonts.o(.data)
    everRead                                 0x20000128   Data           1  fonts.o(.data)
    .data                                    0x2000012c   Section        8  palette.o(.data)
    .data                                    0x20000134   Section       12  concrol.o(.data)
    .data                                    0x20000140   Section        2  mcu_api.o(.data)
    rx_in                                    0x20000140   Data           2  mcu_api.o(.data)
    .data                                    0x20000142   Section        7  protocol.o(.data)
    .data                                    0x2000014c   Section       13  system.o(.data)
    mcu_reset_state                          0x20000158   Data           1  system.o(.data)
    .data                                    0x2000015a   Section        4  delay.o(.data)
    fac_us                                   0x2000015a   Data           1  delay.o(.data)
    fac_ms                                   0x2000015c   Data           2  delay.o(.data)
    .data                                    0x20000160   Section        4  stdout.o(.data)
    .bss                                     0x20000164   Section      140  main.o(.bss)
    .bss                                     0x200001f0   Section    17408  bsp_ili9341_lcd.o(.bss)
    .bss                                     0x200045f0   Section      384  palette.o(.bss)
    .bss                                     0x20004770   Section      109  system.o(.bss)
    STACK                                    0x200047e0   Section     4096  startup_stm32f10x_hd.o(STACK)

    Global Symbols

    Symbol Name                              Value     Ov Type        Size  Object(Section)

    BuildAttributes$$THM_ISAv4$P$D$K$B$S$PE$A:L22UL41UL21$X:L11$S22US41US21$IEEE1$IW$USESV6$~STKCKD$USESV7$~SHL$OTIME$ROPI$EBA8$MICROLIB$REQ8$PRES8$EABIv2 0x00000000   Number         0  anon$$obj.o ABSOLUTE
    __ARM_use_no_argv                        0x00000000   Number         0  main.o ABSOLUTE
    _printf_a                                0x00000000   Number         0  stubs.o ABSOLUTE
    _printf_c                                0x00000000   Number         0  stubs.o ABSOLUTE
    _printf_charcount                        0x00000000   Number         0  stubs.o ABSOLUTE
    _printf_d                                0x00000000   Number         0  stubs.o ABSOLUTE
    _printf_e                                0x00000000   Number         0  stubs.o ABSOLUTE
    _printf_f                                0x00000000   Number         0  stubs.o ABSOLUTE
    _printf_flags                            0x00000000   Number         0  stubs.o ABSOLUTE
    _printf_fp_dec                           0x00000000   Number         0  stubs.o ABSOLUTE
    _printf_fp_hex                           0x00000000   Number         0  stubs.o ABSOLUTE
    _printf_g                                0x00000000   Number         0  stubs.o ABSOLUTE
    _printf_i                                0x00000000   Number         0  stubs.o ABSOLUTE
    _printf_int_dec                          0x00000000   Number         0  stubs.o ABSOLUTE
    _printf_l                                0x00000000   Number         0  stubs.o ABSOLUTE
    _printf_lc                               0x00000000   Number         0  stubs.o ABSOLUTE
    _printf_ll                               0x00000000   Number         0  stubs.o ABSOLUTE
    _printf_lld                              0x00000000   Number         0  stubs.o ABSOLUTE
    _printf_lli                              0x00000000   Number         0  stubs.o ABSOLUTE
    _printf_llo                              0x00000000   Number         0  stubs.o ABSOLUTE
    _printf_llu                              0x00000000   Number         0  stubs.o ABSOLUTE
    _printf_llx                              0x00000000   Number         0  stubs.o ABSOLUTE
    _printf_longlong_dec                     0x00000000   Number         0  stubs.o ABSOLUTE
    _printf_longlong_hex                     0x00000000   Number         0  stubs.o ABSOLUTE
    _printf_longlong_oct                     0x00000000   Number         0  stubs.o ABSOLUTE
    _printf_ls                               0x00000000   Number         0  stubs.o ABSOLUTE
    _printf_mbtowc                           0x00000000   Number         0  stubs.o ABSOLUTE
    _printf_n                                0x00000000   Number         0  stubs.o ABSOLUTE
    _printf_o                                0x00000000   Number         0  stubs.o ABSOLUTE
    _printf_p                                0x00000000   Number         0  stubs.o ABSOLUTE
    _printf_percent                          0x00000000   Number         0  stubs.o ABSOLUTE
    _printf_pre_padding                      0x00000000   Number         0  stubs.o ABSOLUTE
    _printf_return_value                     0x00000000   Number         0  stubs.o ABSOLUTE
    _printf_s                                0x00000000   Number         0  stubs.o ABSOLUTE
    _printf_sizespec                         0x00000000   Number         0  stubs.o ABSOLUTE
    _printf_str                              0x00000000   Number         0  stubs.o ABSOLUTE
    _printf_truncate_signed                  0x00000000   Number         0  stubs.o ABSOLUTE
    _printf_truncate_unsigned                0x00000000   Number         0  stubs.o ABSOLUTE
    _printf_u                                0x00000000   Number         0  stubs.o ABSOLUTE
    _printf_wc                               0x00000000   Number         0  stubs.o ABSOLUTE
    _printf_wctomb                           0x00000000   Number         0  stubs.o ABSOLUTE
    _printf_widthprec                        0x00000000   Number         0  stubs.o ABSOLUTE
    _printf_x                                0x00000000   Number         0  stubs.o ABSOLUTE
    __cpp_initialize__aeabi_                  - Undefined Weak Reference
    __cxa_finalize                            - Undefined Weak Reference
    _clock_init                               - Undefined Weak Reference
    _microlib_exit                            - Undefined Weak Reference
    __Vectors_Size                           0x00000130   Number         0  startup_stm32f10x_hd.o ABSOLUTE
    __Vectors                                0x08000000   Data           4  startup_stm32f10x_hd.o(RESET)
    __Vectors_End                            0x08000130   Data           0  startup_stm32f10x_hd.o(RESET)
    __main                                   0x08000131   Thumb Code     0  entry.o(.ARM.Collect$$$$00000000)
    _main_stk                                0x08000131   Thumb Code     0  entry2.o(.ARM.Collect$$$$00000001)
    _main_scatterload                        0x08000135   Thumb Code     0  entry5.o(.ARM.Collect$$$$00000004)
    __main_after_scatterload                 0x08000139   Thumb Code     0  entry5.o(.ARM.Collect$$$$00000004)
    _main_clock                              0x08000139   Thumb Code     0  entry7b.o(.ARM.Collect$$$$00000008)
    _main_cpp_init                           0x08000139   Thumb Code     0  entry8b.o(.ARM.Collect$$$$0000000A)
    _main_init                               0x08000139   Thumb Code     0  entry9a.o(.ARM.Collect$$$$0000000B)
    __rt_final_cpp                           0x08000141   Thumb Code     0  entry10a.o(.ARM.Collect$$$$0000000D)
    __rt_final_exit                          0x08000141   Thumb Code     0  entry11a.o(.ARM.Collect$$$$0000000F)
    Reset_Handler                            0x08000145   Thumb Code     8  startup_stm32f10x_hd.o(.text)
    ADC1_2_IRQHandler                        0x0800015f   Thumb Code     0  startup_stm32f10x_hd.o(.text)
    ADC3_IRQHandler                          0x0800015f   Thumb Code     0  startup_stm32f10x_hd.o(.text)
    CAN1_RX1_IRQHandler                      0x0800015f   Thumb Code     0  startup_stm32f10x_hd.o(.text)
    CAN1_SCE_IRQHandler                      0x0800015f   Thumb Code     0  startup_stm32f10x_hd.o(.text)
    DMA1_Channel1_IRQHandler                 0x0800015f   Thumb Code     0  startup_stm32f10x_hd.o(.text)
    DMA1_Channel2_IRQHandler                 0x0800015f   Thumb Code     0  startup_stm32f10x_hd.o(.text)
    DMA1_Channel3_IRQHandler                 0x0800015f   Thumb Code     0  startup_stm32f10x_hd.o(.text)
    DMA1_Channel4_IRQHandler                 0x0800015f   Thumb Code     0  startup_stm32f10x_hd.o(.text)
    DMA1_Channel5_IRQHandler                 0x0800015f   Thumb Code     0  startup_stm32f10x_hd.o(.text)
    DMA1_Channel6_IRQHandler                 0x0800015f   Thumb Code     0  startup_stm32f10x_hd.o(.text)
    DMA1_Channel7_IRQHandler                 0x0800015f   Thumb Code     0  startup_stm32f10x_hd.o(.text)
    DMA2_Channel1_IRQHandler                 0x0800015f   Thumb Code     0  startup_stm32f10x_hd.o(.text)
    DMA2_Channel2_IRQHandler                 0x0800015f   Thumb Code     0  startup_stm32f10x_hd.o(.text)
    DMA2_Channel3_IRQHandler                 0x0800015f   Thumb Code     0  startup_stm32f10x_hd.o(.text)
    DMA2_Channel4_5_IRQHandler               0x0800015f   Thumb Code     0  startup_stm32f10x_hd.o(.text)
    EXTI15_10_IRQHandler                     0x0800015f   Thumb Code     0  startup_stm32f10x_hd.o(.text)
    EXTI1_IRQHandler                         0x0800015f   Thumb Code     0  startup_stm32f10x_hd.o(.text)
    EXTI2_IRQHandler                         0x0800015f   Thumb Code     0  startup_stm32f10x_hd.o(.text)
    EXTI3_IRQHandler                         0x0800015f   Thumb Code     0  startup_stm32f10x_hd.o(.text)
    EXTI4_IRQHandler                         0x0800015f   Thumb Code     0  startup_stm32f10x_hd.o(.text)
    EXTI9_5_IRQHandler                       0x0800015f   Thumb Code     0  startup_stm32f10x_hd.o(.text)
    FLASH_IRQHandler                         0x0800015f   Thumb Code     0  startup_stm32f10x_hd.o(.text)
    FSMC_IRQHandler                          0x0800015f   Thumb Code     0  startup_stm32f10x_hd.o(.text)
    I2C1_ER_IRQHandler                       0x0800015f   Thumb Code     0  startup_stm32f10x_hd.o(.text)
    I2C1_EV_IRQHandler                       0x0800015f   Thumb Code     0  startup_stm32f10x_hd.o(.text)
    I2C2_ER_IRQHandler                       0x0800015f   Thumb Code     0  startup_stm32f10x_hd.o(.text)
    I2C2_EV_IRQHandler                       0x0800015f   Thumb Code     0  startup_stm32f10x_hd.o(.text)
    PVD_IRQHandler                           0x0800015f   Thumb Code     0  startup_stm32f10x_hd.o(.text)
    RCC_IRQHandler                           0x0800015f   Thumb Code     0  startup_stm32f10x_hd.o(.text)
    RTCAlarm_IRQHandler                      0x0800015f   Thumb Code     0  startup_stm32f10x_hd.o(.text)
    RTC_IRQHandler                           0x0800015f   Thumb Code     0  startup_stm32f10x_hd.o(.text)
    SDIO_IRQHandler                          0x0800015f   Thumb Code     0  startup_stm32f10x_hd.o(.text)
    SPI1_IRQHandler                          0x0800015f   Thumb Code     0  startup_stm32f10x_hd.o(.text)
    SPI2_IRQHandler                          0x0800015f   Thumb Code     0  startup_stm32f10x_hd.o(.text)
    SPI3_IRQHandler                          0x0800015f   Thumb Code     0  startup_stm32f10x_hd.o(.text)
    TAMPER_IRQHandler                        0x0800015f   Thumb Code     0  startup_stm32f10x_hd.o(.text)
    TIM1_BRK_IRQHandler                      0x0800015f   Thumb Code     0  startup_stm32f10x_hd.o(.text)
    TIM1_CC_IRQHandler                       0x0800015f   Thumb Code     0  startup_stm32f10x_hd.o(.text)
    TIM1_TRG_COM_IRQHandler                  0x0800015f   Thumb Code     0  startup_stm32f10x_hd.o(.text)
    TIM1_UP_IRQHandler                       0x0800015f   Thumb Code     0  startup_stm32f10x_hd.o(.text)
    TIM2_IRQHandler                          0x0800015f   Thumb Code     0  startup_stm32f10x_hd.o(.text)
    TIM3_IRQHandler                          0x0800015f   Thumb Code     0  startup_stm32f10x_hd.o(.text)
    TIM4_IRQHandler                          0x0800015f   Thumb Code     0  startup_stm32f10x_hd.o(.text)
    TIM5_IRQHandler                          0x0800015f   Thumb Code     0  startup_stm32f10x_hd.o(.text)
    TIM6_IRQHandler                          0x0800015f   Thumb Code     0  startup_stm32f10x_hd.o(.text)
    TIM7_IRQHandler                          0x0800015f   Thumb Code     0  startup_stm32f10x_hd.o(.text)
    TIM8_BRK_IRQHandler                      0x0800015f   Thumb Code     0  startup_stm32f10x_hd.o(.text)
    TIM8_CC_IRQHandler                       0x0800015f   Thumb Code     0  startup_stm32f10x_hd.o(.text)
    TIM8_TRG_COM_IRQHandler                  0x0800015f   Thumb Code     0  startup_stm32f10x_hd.o(.text)
    TIM8_UP_IRQHandler                       0x0800015f   Thumb Code     0  startup_stm32f10x_hd.o(.text)
    UART4_IRQHandler                         0x0800015f   Thumb Code     0  startup_stm32f10x_hd.o(.text)
    UART5_IRQHandler                         0x0800015f   Thumb Code     0  startup_stm32f10x_hd.o(.text)
    USART2_IRQHandler                        0x0800015f   Thumb Code     0  startup_stm32f10x_hd.o(.text)
    USART3_IRQHandler                        0x0800015f   Thumb Code     0  startup_stm32f10x_hd.o(.text)
    USBWakeUp_IRQHandler                     0x0800015f   Thumb Code     0  startup_stm32f10x_hd.o(.text)
    USB_HP_CAN1_TX_IRQHandler                0x0800015f   Thumb Code     0  startup_stm32f10x_hd.o(.text)
    USB_LP_CAN1_RX0_IRQHandler               0x0800015f   Thumb Code     0  startup_stm32f10x_hd.o(.text)
    WWDG_IRQHandler                          0x0800015f   Thumb Code     0  startup_stm32f10x_hd.o(.text)
    __aeabi_memset                           0x08000169   Thumb Code    14  memseta.o(.text)
    __aeabi_memset4                          0x08000169   Thumb Code     0  memseta.o(.text)
    __aeabi_memset8                          0x08000169   Thumb Code     0  memseta.o(.text)
    __aeabi_memclr                           0x08000177   Thumb Code     4  memseta.o(.text)
    __aeabi_memclr4                          0x08000177   Thumb Code     0  memseta.o(.text)
    __aeabi_memclr8                          0x08000177   Thumb Code     0  memseta.o(.text)
    _memset$wrapper                          0x0800017b   Thumb Code    18  memseta.o(.text)
    strlen                                   0x0800018d   Thumb Code    14  strlen.o(.text)
    __aeabi_fadd                             0x0800019b   Thumb Code   164  fadd.o(.text)
    __aeabi_fsub                             0x0800023f   Thumb Code     6  fadd.o(.text)
    __aeabi_frsub                            0x08000245   Thumb Code     6  fadd.o(.text)
    __aeabi_fmul                             0x0800024b   Thumb Code   100  fmul.o(.text)
    __aeabi_fdiv                             0x080002af   Thumb Code   124  fdiv.o(.text)
    __aeabi_dmul                             0x0800032b   Thumb Code   228  dmul.o(.text)
    __aeabi_ddiv                             0x0800040f   Thumb Code   222  ddiv.o(.text)
    __aeabi_i2f                              0x080004ed   Thumb Code    18  fflti.o(.text)
    __aeabi_f2iz                             0x080004ff   Thumb Code    50  ffixi.o(.text)
    __aeabi_f2uiz                            0x08000531   Thumb Code    40  ffixui.o(.text)
    __aeabi_f2d                              0x08000559   Thumb Code    38  f2d.o(.text)
    __aeabi_d2f                              0x0800057f   Thumb Code    56  d2f.o(.text)
    __aeabi_cfcmpeq                          0x080005b9   Thumb Code     0  cfcmple.o(.text)
    __aeabi_cfcmple                          0x080005b9   Thumb Code    20  cfcmple.o(.text)
    __aeabi_uidiv                            0x080005cd   Thumb Code     0  uidiv.o(.text)
    __aeabi_uidivmod                         0x080005cd   Thumb Code    44  uidiv.o(.text)
    __I$use$fp                               0x080005f9   Thumb Code     0  iusefp.o(.text)
    _float_round                             0x080005f9   Thumb Code    18  fepilogue.o(.text)
    _float_epilogue                          0x0800060b   Thumb Code    92  fepilogue.o(.text)
    _double_round                            0x08000667   Thumb Code    30  depilogue.o(.text)
    _double_epilogue                         0x08000685   Thumb Code   156  depilogue.o(.text)
    __scatterload                            0x08000721   Thumb Code    28  init.o(.text)
    __scatterload_rt2                        0x08000721   Thumb Code     0  init.o(.text)
    __aeabi_llsl                             0x08000745   Thumb Code    30  llshl.o(.text)
    _ll_shift_l                              0x08000745   Thumb Code     0  llshl.o(.text)
    __aeabi_llsr                             0x08000763   Thumb Code    32  llushr.o(.text)
    _ll_ushift_r                             0x08000763   Thumb Code     0  llushr.o(.text)
    __decompress                             0x08000783   Thumb Code     0  __dczerorl2.o(.text)
    __decompress1                            0x08000783   Thumb Code    86  __dczerorl2.o(.text)
    BusFault_Handler                         0x080007d9   Thumb Code     4  stm32f10x_it.o(i.BusFault_Handler)
    Calibrate_or_Get_TouchParaWithFlash      0x080007dd   Thumb Code   134  bsp_xpt2046_lcd.o(i.Calibrate_or_Get_TouchParaWithFlash)
    DHT11_Check                              0x080009d1   Thumb Code    92  dht11.o(i.DHT11_Check)
    DHT11_Init                               0x08000a35   Thumb Code    58  dht11.o(i.DHT11_Init)
    DHT11_Read_Bit                           0x08000a75   Thumb Code    70  dht11.o(i.DHT11_Read_Bit)
    DHT11_Read_Byte                          0x08000ac1   Thumb Code    30  dht11.o(i.DHT11_Read_Byte)
    DHT11_Read_Data                          0x08000adf   Thumb Code    88  dht11.o(i.DHT11_Read_Data)
    DHT11_Rst                                0x08000b39   Thumb Code    52  dht11.o(i.DHT11_Rst)
    DebugMon_Handler                         0x08000b79   Thumb Code     2  stm32f10x_it.o(i.DebugMon_Handler)
    Delay                                    0x08000b7b   Thumb Code    18  concrol.o(i.Delay)
    Draw_Trail                               0x08001551   Thumb Code   424  palette.o(i.Draw_Trail)
    EXTI0_IRQHandler                         0x08001701   Thumb Code    20  bsp_led.o(i.EXTI0_IRQHandler)
    EXTIX_Init                               0x08001715   Thumb Code    90  bsp_led.o(i.EXTIX_Init)
    EXTI_ClearITPendingBit                   0x08001771   Thumb Code     6  stm32f10x_exti.o(i.EXTI_ClearITPendingBit)
    EXTI_Init                                0x0800177d   Thumb Code   142  stm32f10x_exti.o(i.EXTI_Init)
    FSMC_NORSRAMCmd                          0x08001811   Thumb Code    46  stm32f10x_fsmc.o(i.FSMC_NORSRAMCmd)
    FSMC_NORSRAMInit                         0x08001845   Thumb Code   230  stm32f10x_fsmc.o(i.FSMC_NORSRAMInit)
    GPIO_CONFIG                              0x0800192d   Thumb Code    38  concrol.o(i.GPIO_CONFIG)
    GPIO_EXTILineConfig                      0x08001959   Thumb Code    60  stm32f10x_gpio.o(i.GPIO_EXTILineConfig)
    GPIO_Init                                0x08001999   Thumb Code   278  stm32f10x_gpio.o(i.GPIO_Init)
    GPIO_ReadInputDataBit                    0x08001aaf   Thumb Code    18  stm32f10x_gpio.o(i.GPIO_ReadInputDataBit)
    GPIO_ResetBits                           0x08001ac1   Thumb Code     4  stm32f10x_gpio.o(i.GPIO_ResetBits)
    GPIO_SetBits                             0x08001ac5   Thumb Code     4  stm32f10x_gpio.o(i.GPIO_SetBits)
    GetGBKCode_from_EXFlash                  0x08001ac9   Thumb Code    74  fonts.o(i.GetGBKCode_from_EXFlash)
    HardFault_Handler                        0x08001b1d   Thumb Code     4  stm32f10x_it.o(i.HardFault_Handler)
    ILI9341_BackLed_Control                  0x08001b21   Thumb Code    30  bsp_ili9341_lcd.o(i.ILI9341_BackLed_Control)
    ILI9341_Clear                            0x08001b45   Thumb Code    40  bsp_ili9341_lcd.o(i.ILI9341_Clear)
    ILI9341_DispChar_CH                      0x08001b85   Thumb Code   122  bsp_ili9341_lcd.o(i.ILI9341_DispChar_CH)
    ILI9341_DispChar_EN                      0x08001c09   Thumb Code   138  bsp_ili9341_lcd.o(i.ILI9341_DispChar_EN)
    ILI9341_DispStringLine_EN                0x08001ca1   Thumb Code    92  bsp_ili9341_lcd.o(i.ILI9341_DispStringLine_EN)
    ILI9341_DispString_EN_CH                 0x08001d09   Thumb Code   168  bsp_ili9341_lcd.o(i.ILI9341_DispString_EN_CH)
    ILI9341_DisplayStringEx                  0x08001dbd   Thumb Code   246  bsp_ili9341_lcd.o(i.ILI9341_DisplayStringEx)
    ILI9341_DrawChar_Ex                      0x08001ec5   Thumb Code    92  bsp_ili9341_lcd.o(i.ILI9341_DrawChar_Ex)
    ILI9341_DrawCircle                       0x08001f29   Thumb Code   312  bsp_ili9341_lcd.o(i.ILI9341_DrawCircle)
    ILI9341_DrawLine                         0x0800208d   Thumb Code   160  bsp_ili9341_lcd.o(i.ILI9341_DrawLine)
    ILI9341_DrawRectangle                    0x0800212d   Thumb Code   132  bsp_ili9341_lcd.o(i.ILI9341_DrawRectangle)
    ILI9341_GramScan                         0x080023cd   Thumb Code   172  bsp_ili9341_lcd.o(i.ILI9341_GramScan)
    ILI9341_Init                             0x08002485   Thumb Code    34  bsp_ili9341_lcd.o(i.ILI9341_Init)
    ILI9341_OpenWindow                       0x080024ad   Thumb Code    96  bsp_ili9341_lcd.o(i.ILI9341_OpenWindow)
    ILI9341_Rst                              0x0800273d   Thumb Code    36  bsp_ili9341_lcd.o(i.ILI9341_Rst)
    ILI9341_SetPointPixel                    0x08002779   Thumb Code    42  bsp_ili9341_lcd.o(i.ILI9341_SetPointPixel)
    ILI9341_Write_Cmd                        0x080027b1   Thumb Code     8  bsp_ili9341_lcd.o(i.ILI9341_Write_Cmd)
    ILI9341_Write_Data                       0x080027b9   Thumb Code     6  bsp_ili9341_lcd.o(i.ILI9341_Write_Data)
    ILI9341_zoomChar                         0x080027c5   Thumb Code   378  bsp_ili9341_lcd.o(i.ILI9341_zoomChar)
    KEY_Init                                 0x08002949   Thumb Code    32  bsp_led.o(i.KEY_Init)
    LCD_GetFont                              0x08002ad1   Thumb Code     6  bsp_ili9341_lcd.o(i.LCD_GetFont)
    LCD_SetBackColor                         0x08002add   Thumb Code     6  bsp_ili9341_lcd.o(i.LCD_SetBackColor)
    LCD_SetColors                            0x08002ae9   Thumb Code    10  bsp_ili9341_lcd.o(i.LCD_SetColors)
    LCD_SetFont                              0x08002afd   Thumb Code     6  bsp_ili9341_lcd.o(i.LCD_SetFont)
    LCD_SetTextColor                         0x08002b09   Thumb Code     6  bsp_ili9341_lcd.o(i.LCD_SetTextColor)
    LED_GPIO_Config                          0x08002b15   Thumb Code    38  bsp_led.o(i.LED_GPIO_Config)
    Led_Blink_Quick                          0x08002b41   Thumb Code    30  bsp_led.o(i.Led_Blink_Quick)
    Led_Blink_Slow                           0x08002b69   Thumb Code    30  bsp_led.o(i.Led_Blink_Slow)
    MemManage_Handler                        0x08002b91   Thumb Code     4  stm32f10x_it.o(i.MemManage_Handler)
    NMI_Handler                              0x08002b95   Thumb Code     2  stm32f10x_it.o(i.NMI_Handler)
    NVIC_Init                                0x08002bbd   Thumb Code   100  misc.o(i.NVIC_Init)
    NVIC_PriorityGroupConfig                 0x08002c2d   Thumb Code    10  misc.o(i.NVIC_PriorityGroupConfig)
    Palette_Init                             0x08002c41   Thumb Code    88  palette.o(i.Palette_Init)
    PendSV_Handler                           0x08002ca9   Thumb Code     2  stm32f10x_it.o(i.PendSV_Handler)
    RCC_AHBPeriphClockCmd                    0x08002cad   Thumb Code    26  stm32f10x_rcc.o(i.RCC_AHBPeriphClockCmd)
    RCC_APB2PeriphClockCmd                   0x08002ccd   Thumb Code    26  stm32f10x_rcc.o(i.RCC_APB2PeriphClockCmd)
    RCC_GetClocksFreq                        0x08002ced   Thumb Code   192  stm32f10x_rcc.o(i.RCC_GetClocksFreq)
    SPI_Cmd                                  0x08002dc1   Thumb Code    24  stm32f10x_spi.o(i.SPI_Cmd)
    SPI_FLASH_BufferRead                     0x08002dd9   Thumb Code    76  bsp_spi_flash.o(i.SPI_FLASH_BufferRead)
    SPI_FLASH_BufferWrite                    0x08002e29   Thumb Code   290  bsp_spi_flash.o(i.SPI_FLASH_BufferWrite)
    SPI_FLASH_Init                           0x08002f4d   Thumb Code   178  bsp_spi_flash.o(i.SPI_FLASH_Init)
    SPI_FLASH_PageWrite                      0x0800300d   Thumb Code    98  bsp_spi_flash.o(i.SPI_FLASH_PageWrite)
    SPI_FLASH_SectorErase                    0x080030a9   Thumb Code    62  bsp_spi_flash.o(i.SPI_FLASH_SectorErase)
    SPI_FLASH_SendByte                       0x080030ed   Thumb Code   110  bsp_spi_flash.o(i.SPI_FLASH_SendByte)
    SPI_FLASH_WaitForWriteEnd                0x08003165   Thumb Code    46  bsp_spi_flash.o(i.SPI_FLASH_WaitForWriteEnd)
    SPI_FLASH_WriteEnable                    0x08003199   Thumb Code    26  bsp_spi_flash.o(i.SPI_FLASH_WriteEnable)
    SPI_I2S_GetFlagStatus                    0x080031b9   Thumb Code    18  stm32f10x_spi.o(i.SPI_I2S_GetFlagStatus)
    SPI_I2S_ReceiveData                      0x080031cb   Thumb Code     6  stm32f10x_spi.o(i.SPI_I2S_ReceiveData)
    SPI_I2S_SendData                         0x080031d1   Thumb Code     4  stm32f10x_spi.o(i.SPI_I2S_SendData)
    SPI_Init                                 0x080031d5   Thumb Code    60  stm32f10x_spi.o(i.SPI_Init)
    SVC_Handler                              0x08003251   Thumb Code     2  stm32f10x_it.o(i.SVC_Handler)
    SysTick_CLKSourceConfig                  0x0800333d   Thumb Code    40  misc.o(i.SysTick_CLKSourceConfig)
    SysTick_Handler                          0x08003365   Thumb Code     2  stm32f10x_it.o(i.SysTick_Handler)
    SystemInit                               0x08003369   Thumb Code    78  system_stm32f10x.o(i.SystemInit)
    Touch_Button_Down                        0x080033c9   Thumb Code   178  palette.o(i.Touch_Button_Down)
    Touch_Button_Init                        0x08003481   Thumb Code   782  palette.o(i.Touch_Button_Init)
    Touch_Button_Up                          0x080037b9   Thumb Code   138  palette.o(i.Touch_Button_Up)
    USART1_IRQHandler                        0x08003849   Thumb Code    38  stm32f10x_it.o(i.USART1_IRQHandler)
    USART_ClearFlag                          0x08003875   Thumb Code    18  stm32f10x_usart.o(i.USART_ClearFlag)
    USART_Cmd                                0x08003887   Thumb Code    24  stm32f10x_usart.o(i.USART_Cmd)
    USART_Config                             0x080038a1   Thumb Code   136  bsp_usart.o(i.USART_Config)
    USART_GetFlagStatus                      0x08003931   Thumb Code    26  stm32f10x_usart.o(i.USART_GetFlagStatus)
    USART_GetITStatus                        0x0800394b   Thumb Code    84  stm32f10x_usart.o(i.USART_GetITStatus)
    USART_ITConfig                           0x0800399f   Thumb Code    74  stm32f10x_usart.o(i.USART_ITConfig)
    USART_Init                               0x080039e9   Thumb Code   210  stm32f10x_usart.o(i.USART_Init)
    USART_ReceiveData                        0x08003ac1   Thumb Code    10  stm32f10x_usart.o(i.USART_ReceiveData)
    USART_SendData                           0x08003acb   Thumb Code     8  stm32f10x_usart.o(i.USART_SendData)
    UsageFault_Handler                       0x08003ad3   Thumb Code     4  stm32f10x_it.o(i.UsageFault_Handler)
    Usart_SendByte                           0x08003ad7   Thumb Code    30  bsp_usart.o(i.Usart_SendByte)
    XPT2046_Get_TouchedPoint                 0x08003cf1   Thumb Code   232  bsp_xpt2046_lcd.o(i.XPT2046_Get_TouchedPoint)
    XPT2046_Init                             0x08003ddd   Thumb Code   134  bsp_xpt2046_lcd.o(i.XPT2046_Init)
    XPT2046_TouchDetect                      0x0800404d   Thumb Code   162  bsp_xpt2046_lcd.o(i.XPT2046_TouchDetect)
    XPT2046_TouchDown                        0x080040fd   Thumb Code    62  bsp_xpt2046_lcd.o(i.XPT2046_TouchDown)
    XPT2046_TouchEvenHandler                 0x08004141   Thumb Code    66  bsp_xpt2046_lcd.o(i.XPT2046_TouchEvenHandler)
    XPT2046_TouchUp                          0x0800418d   Thumb Code    38  bsp_xpt2046_lcd.o(i.XPT2046_TouchUp)
    XPT2046_Touch_Calibrate                  0x080041b5   Thumb Code  1242  bsp_xpt2046_lcd.o(i.XPT2046_Touch_Calibrate)
    __0printf$6                              0x0800470d   Thumb Code    22  printf6.o(i.__0printf$6)
    __1printf$6                              0x0800470d   Thumb Code     0  printf6.o(i.__0printf$6)
    __2printf                                0x0800470d   Thumb Code     0  printf6.o(i.__0printf$6)
    __0sprintf$6                             0x0800472d   Thumb Code    34  printf6.o(i.__0sprintf$6)
    __1sprintf$6                             0x0800472d   Thumb Code     0  printf6.o(i.__0sprintf$6)
    __2sprintf                               0x0800472d   Thumb Code     0  printf6.o(i.__0sprintf$6)
    __scatterload_copy                       0x08004755   Thumb Code    14  handlers.o(i.__scatterload_copy)
    __scatterload_null                       0x08004763   Thumb Code     2  handlers.o(i.__scatterload_null)
    __scatterload_zeroinit                   0x08004765   Thumb Code    14  handlers.o(i.__scatterload_zeroinit)
    all_data_update                          0x08004ac1   Thumb Code   112  protocol.o(i.all_data_update)
    byte_to_int                              0x08004b35   Thumb Code    26  mcu_api.o(i.byte_to_int)
    data_handle                              0x08004b51   Thumb Code   246  system.o(i.data_handle)
    delay_init                               0x08004ca5   Thumb Code    50  delay.o(i.delay_init)
    delay_ms                                 0x08004ce9   Thumb Code    72  delay.o(i.delay_ms)
    delay_us                                 0x08004d35   Thumb Code    72  delay.o(i.delay_us)
    dp_download_handle                       0x08004da9   Thumb Code   122  protocol.o(i.dp_download_handle)
    fputc                                    0x08004f79   Thumb Code    32  bsp_usart.o(i.fputc)
    get_check_sum                            0x08004f9d   Thumb Code    28  system.o(i.get_check_sum)
    get_download_cmd_total                   0x08004fe5   Thumb Code     4  protocol.o(i.get_download_cmd_total)
    get_wifi_status                          0x08004ff9   Thumb Code   106  protocol.o(i.get_wifi_status)
    main                                     0x080050b5   Thumb Code   250  main.o(i.main)
    mcu_dp_bool_update                       0x08005225   Thumb Code    96  mcu_api.o(i.mcu_dp_bool_update)
    mcu_dp_raw_update                        0x08005289   Thumb Code   112  mcu_api.o(i.mcu_dp_raw_update)
    mcu_dp_value_update                      0x080052fd   Thumb Code   116  mcu_api.o(i.mcu_dp_value_update)
    mcu_get_dp_download_bool                 0x08005375   Thumb Code     6  mcu_api.o(i.mcu_get_dp_download_bool)
    mcu_get_dp_download_value                0x0800537b   Thumb Code    14  mcu_api.o(i.mcu_get_dp_download_value)
    mcu_get_wifi_work_state                  0x08005389   Thumb Code     6  mcu_api.o(i.mcu_get_wifi_work_state)
    mcu_reset_wifi                           0x08005395   Thumb Code    20  mcu_api.o(i.mcu_reset_wifi)
    mcu_set_wifi_mode                        0x080053ad   Thumb Code    34  mcu_api.o(i.mcu_set_wifi_mode)
    motor_concrol_right                      0x080053d5   Thumb Code   104  concrol.o(i.motor_concrol_right)
    my_memcpy                                0x08005469   Thumb Code    68  mcu_api.o(i.my_memcpy)
    my_strlen                                0x080054ad   Thumb Code    28  mcu_api.o(i.my_strlen)
    set_wifi_uart_buffer                     0x080055f9   Thumb Code    34  system.o(i.set_wifi_uart_buffer)
    set_wifi_uart_byte                       0x08005621   Thumb Code    12  system.o(i.set_wifi_uart_byte)
    take_byte_rxbuff                         0x08005631   Thumb Code    46  system.o(i.take_byte_rxbuff)
    uart_receive_input                       0x0800566d   Thumb Code    74  mcu_api.o(i.uart_receive_input)
    uart_transmit_output                     0x080056c5   Thumb Code    14  protocol.o(i.uart_transmit_output)
    wifi_protocol_init                       0x080056d9   Thumb Code    24  mcu_api.o(i.wifi_protocol_init)
    wifi_test_result                         0x08005705   Thumb Code     8  protocol.o(i.wifi_test_result)
    wifi_uart_service                        0x0800570d   Thumb Code   238  mcu_api.o(i.wifi_uart_service)
    wifi_uart_write_frame                    0x08005829   Thumb Code    68  system.o(i.wifi_uart_write_frame)
    with_data_rxbuff                         0x08005871   Thumb Code    20  system.o(i.with_data_rxbuff)
    ASCII8x16_Table                          0x0800588c   Data        1520  fonts.o(.constdata)
    ASCII16x24_Table                         0x08005e7c   Data        4560  fonts.o(.constdata)
    ASCII24x32_Table                         0x0800704c   Data        9120  fonts.o(.constdata)
    download_cmd                             0x080093ec   Data          26  protocol.o(.constdata)
    Region$$Table$$Base                      0x08009408   Number         0  anon$$obj.o(Region$$Table)
    Region$$Table$$Limit                     0x08009428   Number         0  anon$$obj.o(Region$$Table)
    SystemCoreClock                          0x20000000   Data           4  system_stm32f10x.o(.data)
    AHBPrescTable                            0x20000004   Data          16  system_stm32f10x.o(.data)
    temperature                              0x20000028   Data           1  main.o(.data)
    humidity                                 0x20000029   Data           1  main.o(.data)
    i                                        0x2000002a   Data           1  main.o(.data)
    LCD_X_LENGTH                             0x20000030   Data           2  bsp_ili9341_lcd.o(.data)
    LCD_Y_LENGTH                             0x20000032   Data           2  bsp_ili9341_lcd.o(.data)
    LCD_SCAN_MODE                            0x20000034   Data           1  bsp_ili9341_lcd.o(.data)
    strXPT2046_TouchPara                     0x20000040   Data         192  bsp_xpt2046_lcd.o(.data)
    ucXPT2046_TouchFlag                      0x20000100   Data           1  bsp_xpt2046_lcd.o(.data)
    Font8x16                                 0x20000110   Data           8  fonts.o(.data)
    Font16x24                                0x20000118   Data           8  fonts.o(.data)
    Font24x32                                0x20000120   Data           8  fonts.o(.data)
    brush                                    0x2000012c   Data           8  palette.o(.data)
    delay_time                               0x20000134   Data           4  concrol.o(.data)
    MANUAL_FEED_NUM                          0x20000138   Data           4  concrol.o(.data)
    MANUAL_FEED_SUM                          0x2000013c   Data           4  concrol.o(.data)
    feed_plan                                0x20000142   Data           5  protocol.o(.data)
    MANUAL_FEED_FLAG                         0x20000147   Data           1  protocol.o(.data)
    Light_Flag                               0x20000148   Data           1  protocol.o(.data)
    rx_buf_in                                0x2000014c   Data           4  system.o(.data)
    rx_buf_out                               0x20000150   Data           4  system.o(.data)
    stop_update_flag                         0x20000154   Data           1  system.o(.data)
    reset_wifi_flag                          0x20000155   Data           1  system.o(.data)
    set_wifimode_flag                        0x20000156   Data           1  system.o(.data)
    wifi_work_state                          0x20000157   Data           1  system.o(.data)
    __stdout                                 0x20000160   Data           4  stdout.o(.data)
    dispBuff                                 0x20000164   Data         100  main.o(.bss)
    tempbuff                                 0x200001c8   Data          20  main.o(.bss)
    humbuf                                   0x200001dc   Data          20  main.o(.bss)
    zoomBuff                                 0x200001f0   Data       16384  bsp_ili9341_lcd.o(.bss)
    zoomTempBuff                             0x200041f0   Data        1024  bsp_ili9341_lcd.o(.bss)
    button                                   0x200045f0   Data         384  palette.o(.bss)
    wifi_data_process_buf                    0x20004770   Data          31  system.o(.bss)
    wifi_uart_rx_buf                         0x2000478f   Data          23  system.o(.bss)
    wifi_uart_tx_buf                         0x200047a6   Data          55  system.o(.bss)
    __initial_sp                             0x200057e0   Data           0  startup_stm32f10x_hd.o(STACK)



==============================================================================

Memory Map of the image

  Image Entry point : 0x08000131

  Load Region LR_IROM1 (Base: 0x08000000, Size: 0x0000958c, Max: 0x00080000, ABSOLUTE, COMPRESSED[0x0000952c])

    Execution Region ER_IROM1 (Exec base: 0x08000000, Load base: 0x08000000, Size: 0x00009428, Max: 0x00080000, ABSOLUTE)

    Exec Addr    Load Addr    Size         Type   Attr      Idx    E Section Name        Object

    0x08000000   0x08000000   0x00000130   Data   RO            3    RESET               startup_stm32f10x_hd.o
    0x08000130   0x08000130   0x00000000   Code   RO         4494  * .ARM.Collect$$$$00000000  mc_w.l(entry.o)
    0x08000130   0x08000130   0x00000004   Code   RO         4784    .ARM.Collect$$$$00000001  mc_w.l(entry2.o)
    0x08000134   0x08000134   0x00000004   Code   RO         4787    .ARM.Collect$$$$00000004  mc_w.l(entry5.o)
    0x08000138   0x08000138   0x00000000   Code   RO         4789    .ARM.Collect$$$$00000008  mc_w.l(entry7b.o)
    0x08000138   0x08000138   0x00000000   Code   RO         4791    .ARM.Collect$$$$0000000A  mc_w.l(entry8b.o)
    0x08000138   0x08000138   0x00000008   Code   RO         4792    .ARM.Collect$$$$0000000B  mc_w.l(entry9a.o)
    0x08000140   0x08000140   0x00000000   Code   RO         4794    .ARM.Collect$$$$0000000D  mc_w.l(entry10a.o)
    0x08000140   0x08000140   0x00000000   Code   RO         4796    .ARM.Collect$$$$0000000F  mc_w.l(entry11a.o)
    0x08000140   0x08000140   0x00000004   Code   RO         4785    .ARM.Collect$$$$00002712  mc_w.l(entry2.o)
    0x08000144   0x08000144   0x00000024   Code   RO            4    .text               startup_stm32f10x_hd.o
    0x08000168   0x08000168   0x00000024   Code   RO         4497    .text               mc_w.l(memseta.o)
    0x0800018c   0x0800018c   0x0000000e   Code   RO         4499    .text               mc_w.l(strlen.o)
    0x0800019a   0x0800019a   0x000000b0   Code   RO         4762    .text               mf_w.l(fadd.o)
    0x0800024a   0x0800024a   0x00000064   Code   RO         4764    .text               mf_w.l(fmul.o)
    0x080002ae   0x080002ae   0x0000007c   Code   RO         4766    .text               mf_w.l(fdiv.o)
    0x0800032a   0x0800032a   0x000000e4   Code   RO         4768    .text               mf_w.l(dmul.o)
    0x0800040e   0x0800040e   0x000000de   Code   RO         4770    .text               mf_w.l(ddiv.o)
    0x080004ec   0x080004ec   0x00000012   Code   RO         4772    .text               mf_w.l(fflti.o)
    0x080004fe   0x080004fe   0x00000032   Code   RO         4774    .text               mf_w.l(ffixi.o)
    0x08000530   0x08000530   0x00000028   Code   RO         4776    .text               mf_w.l(ffixui.o)
    0x08000558   0x08000558   0x00000026   Code   RO         4778    .text               mf_w.l(f2d.o)
    0x0800057e   0x0800057e   0x00000038   Code   RO         4780    .text               mf_w.l(d2f.o)
    0x080005b6   0x080005b6   0x00000002   PAD
    0x080005b8   0x080005b8   0x00000014   Code   RO         4782    .text               mf_w.l(cfcmple.o)
    0x080005cc   0x080005cc   0x0000002c   Code   RO         4799    .text               mc_w.l(uidiv.o)
    0x080005f8   0x080005f8   0x00000000   Code   RO         4803    .text               mc_w.l(iusefp.o)
    0x080005f8   0x080005f8   0x0000006e   Code   RO         4804    .text               mf_w.l(fepilogue.o)
    0x08000666   0x08000666   0x000000ba   Code   RO         4806    .text               mf_w.l(depilogue.o)
    0x08000720   0x08000720   0x00000024   Code   RO         4814    .text               mc_w.l(init.o)
    0x08000744   0x08000744   0x0000001e   Code   RO         4816    .text               mc_w.l(llshl.o)
    0x08000762   0x08000762   0x00000020   Code   RO         4818    .text               mc_w.l(llushr.o)
    0x08000782   0x08000782   0x00000056   Code   RO         4830    .text               mc_w.l(__dczerorl2.o)
    0x080007d8   0x080007d8   0x00000004   Code   RO         3186    i.BusFault_Handler  stm32f10x_it.o
    0x080007dc   0x080007dc   0x0000008c   Code   RO         3717    i.Calibrate_or_Get_TouchParaWithFlash  bsp_xpt2046_lcd.o
    0x08000868   0x08000868   0x0000001c   Code   RO         3836    i.Command_Clear_Palette  palette.o
    0x08000884   0x08000884   0x00000020   Code   RO         3837    i.Command_Select_Brush  palette.o
    0x080008a4   0x080008a4   0x0000002c   Code   RO         3838    i.Command_Select_Color  palette.o
    0x080008d0   0x080008d0   0x00000088   Code   RO         3839    i.Command_Select_Light  palette.o
    0x08000958   0x08000958   0x00000078   Code   RO         3840    i.Command_Select_Meannum  palette.o
    0x080009d0   0x080009d0   0x00000064   Code   RO         4343    i.DHT11_Check       dht11.o
    0x08000a34   0x08000a34   0x00000040   Code   RO         4344    i.DHT11_Init        dht11.o
    0x08000a74   0x08000a74   0x0000004c   Code   RO         4345    i.DHT11_Read_Bit    dht11.o
    0x08000ac0   0x08000ac0   0x0000001e   Code   RO         4346    i.DHT11_Read_Byte   dht11.o
    0x08000ade   0x08000ade   0x00000058   Code   RO         4347    i.DHT11_Read_Data   dht11.o
    0x08000b36   0x08000b36   0x00000002   PAD
    0x08000b38   0x08000b38   0x00000040   Code   RO         4348    i.DHT11_Rst         dht11.o
    0x08000b78   0x08000b78   0x00000002   Code   RO         3187    i.DebugMon_Handler  stm32f10x_it.o
    0x08000b7a   0x08000b7a   0x00000012   Code   RO         3930    i.Delay             concrol.o
    0x08000b8c   0x08000b8c   0x00000114   Code   RO         3841    i.Draw_Clear_Button  palette.o
    0x08000ca0   0x08000ca0   0x0000046c   Code   RO         3843    i.Draw_Num_Button   palette.o
    0x0800110c   0x0800110c   0x00000444   Code   RO         3844    i.Draw_Shape_Button  palette.o
    0x08001550   0x08001550   0x000001b0   Code   RO         3845    i.Draw_Trail        palette.o
    0x08001700   0x08001700   0x00000014   Code   RO         3308    i.EXTI0_IRQHandler  bsp_led.o
    0x08001714   0x08001714   0x0000005a   Code   RO         3309    i.EXTIX_Init        bsp_led.o
    0x0800176e   0x0800176e   0x00000002   PAD
    0x08001770   0x08001770   0x0000000c   Code   RO          939    i.EXTI_ClearITPendingBit  stm32f10x_exti.o
    0x0800177c   0x0800177c   0x00000094   Code   RO          944    i.EXTI_Init         stm32f10x_exti.o
    0x08001810   0x08001810   0x00000034   Code   RO         1177    i.FSMC_NORSRAMCmd   stm32f10x_fsmc.o
    0x08001844   0x08001844   0x000000e6   Code   RO         1179    i.FSMC_NORSRAMInit  stm32f10x_fsmc.o
    0x0800192a   0x0800192a   0x00000002   PAD
    0x0800192c   0x0800192c   0x0000002c   Code   RO         3931    i.GPIO_CONFIG       concrol.o
    0x08001958   0x08001958   0x00000040   Code   RO         1289    i.GPIO_EXTILineConfig  stm32f10x_gpio.o
    0x08001998   0x08001998   0x00000116   Code   RO         1292    i.GPIO_Init         stm32f10x_gpio.o
    0x08001aae   0x08001aae   0x00000012   Code   RO         1296    i.GPIO_ReadInputDataBit  stm32f10x_gpio.o
    0x08001ac0   0x08001ac0   0x00000004   Code   RO         1299    i.GPIO_ResetBits    stm32f10x_gpio.o
    0x08001ac4   0x08001ac4   0x00000004   Code   RO         1300    i.GPIO_SetBits      stm32f10x_gpio.o
    0x08001ac8   0x08001ac8   0x00000054   Code   RO         3817    i.GetGBKCode_from_EXFlash  fonts.o
    0x08001b1c   0x08001b1c   0x00000004   Code   RO         3188    i.HardFault_Handler  stm32f10x_it.o
    0x08001b20   0x08001b20   0x00000024   Code   RO         3459    i.ILI9341_BackLed_Control  bsp_ili9341_lcd.o
    0x08001b44   0x08001b44   0x0000002c   Code   RO         3460    i.ILI9341_Clear     bsp_ili9341_lcd.o
    0x08001b70   0x08001b70   0x00000012   Code   RO         3461    i.ILI9341_Delay     bsp_ili9341_lcd.o
    0x08001b82   0x08001b82   0x00000002   PAD
    0x08001b84   0x08001b84   0x00000084   Code   RO         3462    i.ILI9341_DispChar_CH  bsp_ili9341_lcd.o
    0x08001c08   0x08001c08   0x00000098   Code   RO         3463    i.ILI9341_DispChar_EN  bsp_ili9341_lcd.o
    0x08001ca0   0x08001ca0   0x00000068   Code   RO         3464    i.ILI9341_DispStringLine_EN  bsp_ili9341_lcd.o
    0x08001d08   0x08001d08   0x000000b4   Code   RO         3468    i.ILI9341_DispString_EN_CH  bsp_ili9341_lcd.o
    0x08001dbc   0x08001dbc   0x00000108   Code   RO         3471    i.ILI9341_DisplayStringEx  bsp_ili9341_lcd.o
    0x08001ec4   0x08001ec4   0x00000064   Code   RO         3473    i.ILI9341_DrawChar_Ex  bsp_ili9341_lcd.o
    0x08001f28   0x08001f28   0x00000138   Code   RO         3474    i.ILI9341_DrawCircle  bsp_ili9341_lcd.o
    0x08002060   0x08002060   0x0000002c   Code   RO         3718    i.ILI9341_DrawCross  bsp_xpt2046_lcd.o
    0x0800208c   0x0800208c   0x000000a0   Code   RO         3475    i.ILI9341_DrawLine  bsp_ili9341_lcd.o
    0x0800212c   0x0800212c   0x00000088   Code   RO         3476    i.ILI9341_DrawRectangle  bsp_ili9341_lcd.o
    0x080021b4   0x080021b4   0x0000005e   Code   RO         3477    i.ILI9341_FSMC_Config  bsp_ili9341_lcd.o
    0x08002212   0x08002212   0x00000020   Code   RO         3478    i.ILI9341_FillColor  bsp_ili9341_lcd.o
    0x08002232   0x08002232   0x00000002   PAD
    0x08002234   0x08002234   0x00000198   Code   RO         3479    i.ILI9341_GPIO_Config  bsp_ili9341_lcd.o
    0x080023cc   0x080023cc   0x000000b8   Code   RO         3481    i.ILI9341_GramScan  bsp_ili9341_lcd.o
    0x08002484   0x08002484   0x00000028   Code   RO         3482    i.ILI9341_Init      bsp_ili9341_lcd.o
    0x080024ac   0x080024ac   0x00000060   Code   RO         3483    i.ILI9341_OpenWindow  bsp_ili9341_lcd.o
    0x0800250c   0x0800250c   0x00000230   Code   RO         3484    i.ILI9341_REG_Config  bsp_ili9341_lcd.o
    0x0800273c   0x0800273c   0x00000028   Code   RO         3486    i.ILI9341_Rst       bsp_ili9341_lcd.o
    0x08002764   0x08002764   0x00000014   Code   RO         3487    i.ILI9341_SetCursor  bsp_ili9341_lcd.o
    0x08002778   0x08002778   0x00000038   Code   RO         3488    i.ILI9341_SetPointPixel  bsp_ili9341_lcd.o
    0x080027b0   0x080027b0   0x00000008   Code   RO         3687    i.ILI9341_Write_Cmd  bsp_ili9341_lcd.o
    0x080027b8   0x080027b8   0x0000000c   Code   RO         3692    i.ILI9341_Write_Data  bsp_ili9341_lcd.o
    0x080027c4   0x080027c4   0x00000184   Code   RO         3489    i.ILI9341_zoomChar  bsp_ili9341_lcd.o
    0x08002948   0x08002948   0x00000024   Code   RO         3310    i.KEY_Init          bsp_led.o
    0x0800296c   0x0800296c   0x00000164   Code   RO         3846    i.LCD_DrawUniLineCircle  palette.o
    0x08002ad0   0x08002ad0   0x0000000c   Code   RO         3492    i.LCD_GetFont       bsp_ili9341_lcd.o
    0x08002adc   0x08002adc   0x0000000c   Code   RO         3493    i.LCD_SetBackColor  bsp_ili9341_lcd.o
    0x08002ae8   0x08002ae8   0x00000014   Code   RO         3494    i.LCD_SetColors     bsp_ili9341_lcd.o
    0x08002afc   0x08002afc   0x0000000c   Code   RO         3495    i.LCD_SetFont       bsp_ili9341_lcd.o
    0x08002b08   0x08002b08   0x0000000c   Code   RO         3496    i.LCD_SetTextColor  bsp_ili9341_lcd.o
    0x08002b14   0x08002b14   0x0000002c   Code   RO         3311    i.LED_GPIO_Config   bsp_led.o
    0x08002b40   0x08002b40   0x00000028   Code   RO         3312    i.Led_Blink_Quick   bsp_led.o
    0x08002b68   0x08002b68   0x00000028   Code   RO         3313    i.Led_Blink_Slow    bsp_led.o
    0x08002b90   0x08002b90   0x00000004   Code   RO         3189    i.MemManage_Handler  stm32f10x_it.o
    0x08002b94   0x08002b94   0x00000002   Code   RO         3190    i.NMI_Handler       stm32f10x_it.o
    0x08002b96   0x08002b96   0x00000026   Code   RO         3255    i.NVIC_Configuration  bsp_usart.o
    0x08002bbc   0x08002bbc   0x00000070   Code   RO          137    i.NVIC_Init         misc.o
    0x08002c2c   0x08002c2c   0x00000014   Code   RO          138    i.NVIC_PriorityGroupConfig  misc.o
    0x08002c40   0x08002c40   0x00000068   Code   RO         3847    i.Palette_Init      palette.o
    0x08002ca8   0x08002ca8   0x00000002   Code   RO         3191    i.PendSV_Handler    stm32f10x_it.o
    0x08002caa   0x08002caa   0x00000002   PAD
    0x08002cac   0x08002cac   0x00000020   Code   RO         1707    i.RCC_AHBPeriphClockCmd  stm32f10x_rcc.o
    0x08002ccc   0x08002ccc   0x00000020   Code   RO         1710    i.RCC_APB2PeriphClockCmd  stm32f10x_rcc.o
    0x08002cec   0x08002cec   0x000000d4   Code   RO         1718    i.RCC_GetClocksFreq  stm32f10x_rcc.o
    0x08002dc0   0x08002dc0   0x00000018   Code   RO         2187    i.SPI_Cmd           stm32f10x_spi.o
    0x08002dd8   0x08002dd8   0x00000050   Code   RO         3350    i.SPI_FLASH_BufferRead  bsp_spi_flash.o
    0x08002e28   0x08002e28   0x00000122   Code   RO         3351    i.SPI_FLASH_BufferWrite  bsp_spi_flash.o
    0x08002f4a   0x08002f4a   0x00000002   PAD
    0x08002f4c   0x08002f4c   0x000000c0   Code   RO         3353    i.SPI_FLASH_Init    bsp_spi_flash.o
    0x0800300c   0x0800300c   0x0000009c   Code   RO         3354    i.SPI_FLASH_PageWrite  bsp_spi_flash.o
    0x080030a8   0x080030a8   0x00000044   Code   RO         3358    i.SPI_FLASH_SectorErase  bsp_spi_flash.o
    0x080030ec   0x080030ec   0x00000078   Code   RO         3359    i.SPI_FLASH_SendByte  bsp_spi_flash.o
    0x08003164   0x08003164   0x00000034   Code   RO         3362    i.SPI_FLASH_WaitForWriteEnd  bsp_spi_flash.o
    0x08003198   0x08003198   0x00000020   Code   RO         3363    i.SPI_FLASH_WriteEnable  bsp_spi_flash.o
    0x080031b8   0x080031b8   0x00000012   Code   RO         2195    i.SPI_I2S_GetFlagStatus  stm32f10x_spi.o
    0x080031ca   0x080031ca   0x00000006   Code   RO         2198    i.SPI_I2S_ReceiveData  stm32f10x_spi.o
    0x080031d0   0x080031d0   0x00000004   Code   RO         2199    i.SPI_I2S_SendData  stm32f10x_spi.o
    0x080031d4   0x080031d4   0x0000003c   Code   RO         2200    i.SPI_Init          stm32f10x_spi.o
    0x08003210   0x08003210   0x00000040   Code   RO         3366    i.SPI_TIMEOUT_UserCallback  bsp_spi_flash.o
    0x08003250   0x08003250   0x00000002   Code   RO         3192    i.SVC_Handler       stm32f10x_it.o
    0x08003252   0x08003252   0x00000008   Code   RO           24    i.SetSysClock       system_stm32f10x.o
    0x0800325a   0x0800325a   0x00000002   PAD
    0x0800325c   0x0800325c   0x000000e0   Code   RO           25    i.SetSysClockTo72   system_stm32f10x.o
    0x0800333c   0x0800333c   0x00000028   Code   RO          141    i.SysTick_CLKSourceConfig  misc.o
    0x08003364   0x08003364   0x00000002   Code   RO         3193    i.SysTick_Handler   stm32f10x_it.o
    0x08003366   0x08003366   0x00000002   PAD
    0x08003368   0x08003368   0x00000060   Code   RO           27    i.SystemInit        system_stm32f10x.o
    0x080033c8   0x080033c8   0x000000b8   Code   RO         3848    i.Touch_Button_Down  palette.o
    0x08003480   0x08003480   0x00000338   Code   RO         3849    i.Touch_Button_Init  palette.o
    0x080037b8   0x080037b8   0x00000090   Code   RO         3850    i.Touch_Button_Up   palette.o
    0x08003848   0x08003848   0x0000002c   Code   RO         3194    i.USART1_IRQHandler  stm32f10x_it.o
    0x08003874   0x08003874   0x00000012   Code   RO         2874    i.USART_ClearFlag   stm32f10x_usart.o
    0x08003886   0x08003886   0x00000018   Code   RO         2878    i.USART_Cmd         stm32f10x_usart.o
    0x0800389e   0x0800389e   0x00000002   PAD
    0x080038a0   0x080038a0   0x00000090   Code   RO         3256    i.USART_Config      bsp_usart.o
    0x08003930   0x08003930   0x0000001a   Code   RO         2881    i.USART_GetFlagStatus  stm32f10x_usart.o
    0x0800394a   0x0800394a   0x00000054   Code   RO         2882    i.USART_GetITStatus  stm32f10x_usart.o
    0x0800399e   0x0800399e   0x0000004a   Code   RO         2884    i.USART_ITConfig    stm32f10x_usart.o
    0x080039e8   0x080039e8   0x000000d8   Code   RO         2885    i.USART_Init        stm32f10x_usart.o
    0x08003ac0   0x08003ac0   0x0000000a   Code   RO         2892    i.USART_ReceiveData  stm32f10x_usart.o
    0x08003aca   0x08003aca   0x00000008   Code   RO         2895    i.USART_SendData    stm32f10x_usart.o
    0x08003ad2   0x08003ad2   0x00000004   Code   RO         3195    i.UsageFault_Handler  stm32f10x_it.o
    0x08003ad6   0x08003ad6   0x0000001e   Code   RO         3258    i.Usart_SendByte    bsp_usart.o
    0x08003af4   0x08003af4   0x000001de   Code   RO         3719    i.XPT2046_Calculate_CalibrationFactor  bsp_xpt2046_lcd.o
    0x08003cd2   0x08003cd2   0x0000001e   Code   RO         3720    i.XPT2046_DelayUS   bsp_xpt2046_lcd.o
    0x08003cf0   0x08003cf0   0x000000ec   Code   RO         3721    i.XPT2046_Get_TouchedPoint  bsp_xpt2046_lcd.o
    0x08003ddc   0x08003ddc   0x00000090   Code   RO         3722    i.XPT2046_Init      bsp_xpt2046_lcd.o
    0x08003e6c   0x08003e6c   0x00000010   Code   RO         3723    i.XPT2046_ReadAdc   bsp_xpt2046_lcd.o
    0x08003e7c   0x08003e7c   0x00000158   Code   RO         3724    i.XPT2046_ReadAdc_Smooth_XY  bsp_xpt2046_lcd.o
    0x08003fd4   0x08003fd4   0x00000026   Code   RO         3725    i.XPT2046_ReadAdc_XY  bsp_xpt2046_lcd.o
    0x08003ffa   0x08003ffa   0x00000002   PAD
    0x08003ffc   0x08003ffc   0x00000050   Code   RO         3726    i.XPT2046_ReadCMD   bsp_xpt2046_lcd.o
    0x0800404c   0x0800404c   0x000000b0   Code   RO         3727    i.XPT2046_TouchDetect  bsp_xpt2046_lcd.o
    0x080040fc   0x080040fc   0x00000044   Code   RO         3728    i.XPT2046_TouchDown  bsp_xpt2046_lcd.o
    0x08004140   0x08004140   0x0000004c   Code   RO         3729    i.XPT2046_TouchEvenHandler  bsp_xpt2046_lcd.o
    0x0800418c   0x0800418c   0x00000026   Code   RO         3730    i.XPT2046_TouchUp   bsp_xpt2046_lcd.o
    0x080041b2   0x080041b2   0x00000002   PAD
    0x080041b4   0x080041b4   0x000004f4   Code   RO         3731    i.XPT2046_Touch_Calibrate  bsp_xpt2046_lcd.o
    0x080046a8   0x080046a8   0x00000064   Code   RO         3732    i.XPT2046_WriteCMD  bsp_xpt2046_lcd.o
    0x0800470c   0x0800470c   0x00000020   Code   RO         4656    i.__0printf$6       mc_w.l(printf6.o)
    0x0800472c   0x0800472c   0x00000028   Code   RO         4658    i.__0sprintf$6      mc_w.l(printf6.o)
    0x08004754   0x08004754   0x0000000e   Code   RO         4824    i.__scatterload_copy  mc_w.l(handlers.o)
    0x08004762   0x08004762   0x00000002   Code   RO         4825    i.__scatterload_null  mc_w.l(handlers.o)
    0x08004764   0x08004764   0x0000000e   Code   RO         4826    i.__scatterload_zeroinit  mc_w.l(handlers.o)
    0x08004772   0x08004772   0x00000002   PAD
    0x08004774   0x08004774   0x000002f0   Code   RO         4663    i._printf_core      mc_w.l(printf6.o)
    0x08004a64   0x08004a64   0x00000024   Code   RO         4664    i._printf_post_padding  mc_w.l(printf6.o)
    0x08004a88   0x08004a88   0x0000002e   Code   RO         4665    i._printf_pre_padding  mc_w.l(printf6.o)
    0x08004ab6   0x08004ab6   0x0000000a   Code   RO         4667    i._sputc            mc_w.l(printf6.o)
    0x08004ac0   0x08004ac0   0x00000074   Code   RO         4149    i.all_data_update   protocol.o
    0x08004b34   0x08004b34   0x0000001a   Code   RO         3971    i.byte_to_int       mcu_api.o
    0x08004b4e   0x08004b4e   0x00000002   PAD
    0x08004b50   0x08004b50   0x00000108   Code   RO         4225    i.data_handle       system.o
    0x08004c58   0x08004c58   0x0000004c   Code   RO         4226    i.data_point_handle  system.o
    0x08004ca4   0x08004ca4   0x00000044   Code   RO         4317    i.delay_init        delay.o
    0x08004ce8   0x08004ce8   0x0000004c   Code   RO         4318    i.delay_ms          delay.o
    0x08004d34   0x08004d34   0x0000004c   Code   RO         4319    i.delay_us          delay.o
    0x08004d80   0x08004d80   0x00000028   Code   RO         4150    i.dp_download_export_calibrate_handle  protocol.o
    0x08004da8   0x08004da8   0x0000007a   Code   RO         4151    i.dp_download_handle  protocol.o
    0x08004e22   0x08004e22   0x00000002   PAD
    0x08004e24   0x08004e24   0x000000b0   Code   RO         4152    i.dp_download_light_handle  protocol.o
    0x08004ed4   0x08004ed4   0x00000038   Code   RO         4153    i.dp_download_manual_feed_handle  protocol.o
    0x08004f0c   0x08004f0c   0x0000001c   Code   RO         4154    i.dp_download_meal_plan_handle  protocol.o
    0x08004f28   0x08004f28   0x00000028   Code   RO         4155    i.dp_download_switch_handle  protocol.o
    0x08004f50   0x08004f50   0x00000028   Code   RO         4156    i.dp_download_weight_calibrate_handle  protocol.o
    0x08004f78   0x08004f78   0x00000024   Code   RO         3262    i.fputc             bsp_usart.o
    0x08004f9c   0x08004f9c   0x0000001c   Code   RO         4227    i.get_check_sum     system.o
    0x08004fb8   0x08004fb8   0x0000002c   Code   RO         4228    i.get_dowmload_dpid_index  system.o
    0x08004fe4   0x08004fe4   0x00000004   Code   RO         4157    i.get_download_cmd_total  protocol.o
    0x08004fe8   0x08004fe8   0x00000010   Code   RO         4229    i.get_mcu_wifi_mode  system.o
    0x08004ff8   0x08004ff8   0x00000084   Code   RO         4158    i.get_wifi_status   protocol.o
    0x0800507c   0x0800507c   0x00000038   Code   RO         4230    i.heat_beat_check   system.o
    0x080050b4   0x080050b4   0x00000170   Code   RO         3108    i.main              main.o
    0x08005224   0x08005224   0x00000064   Code   RO         3974    i.mcu_dp_bool_update  mcu_api.o
    0x08005288   0x08005288   0x00000074   Code   RO         3977    i.mcu_dp_raw_update  mcu_api.o
    0x080052fc   0x080052fc   0x00000078   Code   RO         3979    i.mcu_dp_value_update  mcu_api.o
    0x08005374   0x08005374   0x00000006   Code   RO         3980    i.mcu_get_dp_download_bool  mcu_api.o
    0x0800537a   0x0800537a   0x0000000e   Code   RO         3982    i.mcu_get_dp_download_value  mcu_api.o
    0x08005388   0x08005388   0x0000000c   Code   RO         3985    i.mcu_get_wifi_work_state  mcu_api.o
    0x08005394   0x08005394   0x00000018   Code   RO         3987    i.mcu_reset_wifi    mcu_api.o
    0x080053ac   0x080053ac   0x00000028   Code   RO         3988    i.mcu_set_wifi_mode  mcu_api.o
    0x080053d4   0x080053d4   0x00000094   Code   RO         3933    i.motor_concrol_right  concrol.o
    0x08005468   0x08005468   0x00000044   Code   RO         3990    i.my_memcpy         mcu_api.o
    0x080054ac   0x080054ac   0x0000001c   Code   RO         3994    i.my_strlen         mcu_api.o
    0x080054c8   0x080054c8   0x00000130   Code   RO         4231    i.product_info_update  system.o
    0x080055f8   0x080055f8   0x00000028   Code   RO         4232    i.set_wifi_uart_buffer  system.o
    0x08005620   0x08005620   0x00000010   Code   RO         4233    i.set_wifi_uart_byte  system.o
    0x08005630   0x08005630   0x0000003c   Code   RO         4234    i.take_byte_rxbuff  system.o
    0x0800566c   0x0800566c   0x00000058   Code   RO         3996    i.uart_receive_input  mcu_api.o
    0x080056c4   0x080056c4   0x00000014   Code   RO         4159    i.uart_transmit_output  protocol.o
    0x080056d8   0x080056d8   0x0000002c   Code   RO         3997    i.wifi_protocol_init  mcu_api.o
    0x08005704   0x08005704   0x00000008   Code   RO         4160    i.wifi_test_result  protocol.o
    0x0800570c   0x0800570c   0x000000f8   Code   RO         3998    i.wifi_uart_service  mcu_api.o
    0x08005804   0x08005804   0x00000024   Code   RO         4235    i.wifi_uart_write_data  system.o
    0x08005828   0x08005828   0x00000048   Code   RO         4236    i.wifi_uart_write_frame  system.o
    0x08005870   0x08005870   0x0000001c   Code   RO         4237    i.with_data_rxbuff  system.o
    0x0800588c   0x0800588c   0x00003b60   Data   RO         3818    .constdata          fonts.o
    0x080093ec   0x080093ec   0x0000001a   Data   RO         4161    .constdata          protocol.o
    0x08009406   0x08009406   0x00000002   PAD
    0x08009408   0x08009408   0x00000020   Data   RO         4822    Region$$Table       anon$$obj.o


    Execution Region RW_IRAM1 (Exec base: 0x20000000, Load base: 0x08009428, Size: 0x000057e0, Max: 0x00010000, ABSOLUTE, COMPRESSED[0x00000104])

    Exec Addr    Load Addr    Size         Type   Attr      Idx    E Section Name        Object

    0x20000000   COMPRESSED   0x00000014   Data   RW           28    .data               system_stm32f10x.o
    0x20000014   COMPRESSED   0x00000014   Data   RW         1738    .data               stm32f10x_rcc.o
    0x20000028   COMPRESSED   0x00000003   Data   RW         3111    .data               main.o
    0x2000002b   COMPRESSED   0x00000001   PAD
    0x2000002c   COMPRESSED   0x00000004   Data   RW         3367    .data               bsp_spi_flash.o
    0x20000030   COMPRESSED   0x00000010   Data   RW         3498    .data               bsp_ili9341_lcd.o
    0x20000040   COMPRESSED   0x000000d0   Data   RW         3733    .data               bsp_xpt2046_lcd.o
    0x20000110   COMPRESSED   0x00000019   Data   RW         3819    .data               fonts.o
    0x20000129   COMPRESSED   0x00000003   PAD
    0x2000012c   COMPRESSED   0x00000008   Data   RW         3852    .data               palette.o
    0x20000134   COMPRESSED   0x0000000c   Data   RW         3934    .data               concrol.o
    0x20000140   COMPRESSED   0x00000002   Data   RW         3999    .data               mcu_api.o
    0x20000142   COMPRESSED   0x00000007   Data   RW         4162    .data               protocol.o
    0x20000149   COMPRESSED   0x00000003   PAD
    0x2000014c   COMPRESSED   0x0000000d   Data   RW         4239    .data               system.o
    0x20000159   COMPRESSED   0x00000001   PAD
    0x2000015a   COMPRESSED   0x00000004   Data   RW         4320    .data               delay.o
    0x2000015e   COMPRESSED   0x00000002   PAD
    0x20000160   COMPRESSED   0x00000004   Data   RW         4798    .data               mc_w.l(stdout.o)
    0x20000164        -       0x0000008c   Zero   RW         3109    .bss                main.o
    0x200001f0        -       0x00004400   Zero   RW         3497    .bss                bsp_ili9341_lcd.o
    0x200045f0        -       0x00000180   Zero   RW         3851    .bss                palette.o
    0x20004770        -       0x0000006d   Zero   RW         4238    .bss                system.o
    0x200047dd   COMPRESSED   0x00000003   PAD
    0x200047e0        -       0x00001000   Zero   RW            1    STACK               startup_stm32f10x_hd.o


==============================================================================

Image component sizes


      Code (inc. data)   RO Data    RW Data    ZI Data      Debug   Object Name

      3644        188          0         16      17408      21576   bsp_ili9341_lcd.o
       270         30          0          0          0       2908   bsp_led.o
      1054        152          0          4          0       6287   bsp_spi_flash.o
       248         12          0          0          0       2532   bsp_usart.o
      3276        200          0        208          0      13908   bsp_xpt2046_lcd.o
       210         50          0         12          0       2391   concrol.o
         0          0          0          0          0       4508   core_cm3.o
       220         26          0          4          0       1703   delay.o
       422         32          0          0          0       3800   dht11.o
        84         10      15200         25          0       2183   fonts.o
       368        118          0          3        140       5072   main.o
       934         72          0          2          0       8553   mcu_api.o
       172         22          0          0          0       2033   misc.o
      4904        292          0          8        384      11564   palette.o
       782         86         26          7          0       8401   protocol.o
        36          8        304          0       4096        856   startup_stm32f10x_hd.o
       160         12          0          0          0       1485   stm32f10x_exti.o
       282          6          0          0          0       1797   stm32f10x_fsmc.o
       368          4          0          0          0       4234   stm32f10x_gpio.o
        70          6          0          0          0       4294   stm32f10x_it.o
       276         32          0         20          0       4401   stm32f10x_rcc.o
       112          0          0          0          0       3794   stm32f10x_spi.o
       460          6          0          0          0       6659   stm32f10x_usart.o
      1040        156          0         13        109       9790   system.o
       328         28          0         20          0     247285   system_stm32f10x.o

    ----------------------------------------------------------------------
     19748       1548      15564        352      22140     382014   Object Totals
         0          0         32          0          0          0   (incl. Generated)
        28          0          2         10          3          0   (incl. Padding)

    ----------------------------------------------------------------------

      Code (inc. data)   RO Data    RW Data    ZI Data      Debug   Library Member Name

        86          0          0          0          0          0   __dczerorl2.o
         0          0          0          0          0          0   entry.o
         0          0          0          0          0          0   entry10a.o
         0          0          0          0          0          0   entry11a.o
         8          4          0          0          0          0   entry2.o
         4          0          0          0          0          0   entry5.o
         0          0          0          0          0          0   entry7b.o
         0          0          0          0          0          0   entry8b.o
         8          4          0          0          0          0   entry9a.o
        30          0          0          0          0          0   handlers.o
        36          8          0          0          0         68   init.o
         0          0          0          0          0          0   iusefp.o
        30          0          0          0          0         68   llshl.o
        32          0          0          0          0         68   llushr.o
        36          0          0          0          0        108   memseta.o
       916         20          0          0          0        504   printf6.o
         0          0          0          4          0          0   stdout.o
        14          0          0          0          0         68   strlen.o
        44          0          0          0          0         80   uidiv.o
        20          0          0          0          0         68   cfcmple.o
        56          0          0          0          0         88   d2f.o
       222          0          0          0          0        100   ddiv.o
       186          0          0          0          0        176   depilogue.o
       228          0          0          0          0         96   dmul.o
        38          0          0          0          0         68   f2d.o
       176          0          0          0          0        140   fadd.o
       124          0          0          0          0         88   fdiv.o
       110          0          0          0          0        168   fepilogue.o
        50          0          0          0          0         68   ffixi.o
        40          0          0          0          0         68   ffixui.o
        18          0          0          0          0         68   fflti.o
       100          0          0          0          0         76   fmul.o

    ----------------------------------------------------------------------
      2616         36          0          4          0       2236   Library Totals
         4          0          0          0          0          0   (incl. Padding)

    ----------------------------------------------------------------------

      Code (inc. data)   RO Data    RW Data    ZI Data      Debug   Library Name

      1244         36          0          4          0        964   mc_w.l
      1368          0          0          0          0       1272   mf_w.l

    ----------------------------------------------------------------------
      2616         36          0          4          0       2236   Library Totals

    ----------------------------------------------------------------------

==============================================================================


      Code (inc. data)   RO Data    RW Data    ZI Data      Debug   

     22364       1584      15564        356      22140     374602   Grand Totals
     22364       1584      15564        260      22140     374602   ELF Image Totals (compressed)
     22364       1584      15564        260          0          0   ROM Totals

==============================================================================

    Total RO  Size (Code + RO Data)                37928 (  37.04kB)
    Total RW  Size (RW Data + ZI Data)             22496 (  21.97kB)
    Total ROM Size (Code + RO Data + RW Data)      38188 (  37.29kB)

==============================================================================

